Component: ARM Compiler 5.06 update 5 (build 528) Tool: armlink [4d35e2]

==============================================================================

Section Cross References

    startup_stm32f103xb.o(STACK) refers (Special) to heapauxi.o(.text) for __use_two_region_memory
    startup_stm32f103xb.o(HEAP) refers (Special) to heapauxi.o(.text) for __use_two_region_memory
    startup_stm32f103xb.o(RESET) refers (Special) to heapauxi.o(.text) for __use_two_region_memory
    startup_stm32f103xb.o(RESET) refers to startup_stm32f103xb.o(STACK) for __initial_sp
    startup_stm32f103xb.o(RESET) refers to startup_stm32f103xb.o(.text) for Reset_Handler
    startup_stm32f103xb.o(RESET) refers to stm32f1xx_it.o(i.NMI_Handler) for NMI_Handler
    startup_stm32f103xb.o(RESET) refers to stm32f1xx_it.o(i.HardFault_Handler) for HardFault_Handler
    startup_stm32f103xb.o(RESET) refers to stm32f1xx_it.o(i.MemManage_Handler) for MemManage_Handler
    startup_stm32f103xb.o(RESET) refers to stm32f1xx_it.o(i.BusFault_Handler) for BusFault_Handler
    startup_stm32f103xb.o(RESET) refers to stm32f1xx_it.o(i.UsageFault_Handler) for UsageFault_Handler
    startup_stm32f103xb.o(RESET) refers to stm32f1xx_it.o(i.SVC_Handler) for SVC_Handler
    startup_stm32f103xb.o(RESET) refers to stm32f1xx_it.o(i.DebugMon_Handler) for DebugMon_Handler
    startup_stm32f103xb.o(RESET) refers to stm32f1xx_it.o(i.PendSV_Handler) for PendSV_Handler
    startup_stm32f103xb.o(RESET) refers to stm32f1xx_it.o(i.SysTick_Handler) for SysTick_Handler
    startup_stm32f103xb.o(RESET) refers to stm32f1xx_it.o(i.TIM2_IRQHandler) for TIM2_IRQHandler
    startup_stm32f103xb.o(RESET) refers to stm32f1xx_it.o(i.USART1_IRQHandler) for USART1_IRQHandler
    startup_stm32f103xb.o(.text) refers (Special) to heapauxi.o(.text) for __use_two_region_memory
    startup_stm32f103xb.o(.text) refers to system_stm32f1xx.o(i.SystemInit) for SystemInit
    startup_stm32f103xb.o(.text) refers to __main.o(!!!main) for __main
    startup_stm32f103xb.o(.text) refers to startup_stm32f103xb.o(HEAP) for Heap_Mem
    startup_stm32f103xb.o(.text) refers to startup_stm32f103xb.o(STACK) for Stack_Mem
    main.o(i.Handle_Mode_Switch) refers to motor.o(i.Car_Stop) for Car_Stop
    main.o(i.Handle_Mode_Switch) refers to stm32f1xx_hal.o(i.HAL_Delay) for HAL_Delay
    main.o(i.Handle_Mode_Switch) refers to main.o(.data) for .data
    main.o(i.Perform_Avoid_Mode) refers to motor.o(i.Car_Stop) for Car_Stop
    main.o(i.Perform_Avoid_Mode) refers to motor.o(i.Car_Forward) for Car_Forward
    main.o(i.Perform_Avoid_Mode) refers to obstacle.o(i.Obstacle_GetDistance) for Obstacle_GetDistance
    main.o(i.Perform_Avoid_Mode) refers to stm32f1xx_hal.o(i.HAL_GetTick) for HAL_GetTick
    main.o(i.Perform_Avoid_Mode) refers to main.o(i.Send_Distance_Data) for Send_Distance_Data
    main.o(i.Perform_Avoid_Mode) refers to obstacle.o(i.Obstacle_Scan) for Obstacle_Scan
    main.o(i.Perform_Avoid_Mode) refers to motor.o(i.Car_Spin_Right) for Car_Spin_Right
    main.o(i.Perform_Avoid_Mode) refers to motor.o(i.Car_Spin_Left) for Car_Spin_Left
    main.o(i.Perform_Avoid_Mode) refers to frleqf.o(x$fpl$frleqf) for __aeabi_cfrcmple
    main.o(i.Perform_Avoid_Mode) refers to motor.o(i.Car_Backward) for Car_Backward
    main.o(i.Perform_Avoid_Mode) refers to main.o(.data) for .data
    main.o(i.Perform_Remote_Control) refers to motor.o(i.Car_Forward) for Car_Forward
    main.o(i.Perform_Remote_Control) refers to motor.o(i.Car_Backward) for Car_Backward
    main.o(i.Perform_Remote_Control) refers to motor.o(i.Car_Turn_Left) for Car_Turn_Left
    main.o(i.Perform_Remote_Control) refers to motor.o(i.Car_Turn_Right) for Car_Turn_Right
    main.o(i.Perform_Remote_Control) refers to motor.o(i.Car_Spin_Left) for Car_Spin_Left
    main.o(i.Perform_Remote_Control) refers to motor.o(i.Car_Spin_Right) for Car_Spin_Right
    main.o(i.Perform_Remote_Control) refers to motor.o(i.Car_Stop) for Car_Stop
    main.o(i.Perform_Track_Mode) refers to track.o(i.Track_Get_Status) for Track_Get_Status
    main.o(i.Perform_Track_Mode) refers to motor.o(i.Car_Stop) for Car_Stop
    main.o(i.Perform_Track_Mode) refers to motor.o(i.Car_Forward) for Car_Forward
    main.o(i.Perform_Track_Mode) refers to motor.o(i.Car_Spin_Right) for Car_Spin_Right
    main.o(i.Perform_Track_Mode) refers to motor.o(i.Car_Spin_Left) for Car_Spin_Left
    main.o(i.Send_Distance_Data) refers to ffix.o(x$fpl$ffix) for __aeabi_f2iz
    main.o(i.Send_Distance_Data) refers to fflt_clz.o(x$fpl$fflt) for __aeabi_i2f
    main.o(i.Send_Distance_Data) refers to faddsub_clz.o(x$fpl$frsb) for __aeabi_frsub
    main.o(i.Send_Distance_Data) refers to fmul.o(x$fpl$fmul) for __aeabi_fmul
    main.o(i.Send_Distance_Data) refers to stm32f1xx_hal_uart.o(i.HAL_UART_Transmit) for HAL_UART_Transmit
    main.o(i.Send_Distance_Data) refers to usart.o(.bss) for huart1
    main.o(i.SystemClock_Config) refers to rt_memclr_w.o(.text) for __aeabi_memclr4
[...]
    ../clib/printf.c                         0x00000000   Number         0  __printf.o ABSOLUTE
    ../clib/printf.c                         0x00000000   Number         0  __printf_flags_ss_wp.o ABSOLUTE
    ../clib/printf.c                         0x00000000   Number         0  __printf_ss_wp.o ABSOLUTE
    ../clib/printf.c                         0x00000000   Number         0  __printf_flags_wp.o ABSOLUTE
    ../clib/printf.c                         0x00000000   Number         0  __printf_wp.o ABSOLUTE
    ../clib/printf.c                         0x00000000   Number         0  __printf_flags_ss.o ABSOLUTE
    ../clib/printf.c                         0x00000000   Number         0  __printf_ss.o ABSOLUTE
    ../clib/printf.c                         0x00000000   Number         0  __printf_flags.o ABSOLUTE
    ../clib/printf.c                         0x00000000   Number         0  _printf_dec.o ABSOLUTE
    ../clib/printf.c                         0x00000000   Number         0  _sputc.o ABSOLUTE
    ../clib/printf.c                         0x00000000   Number         0  _printf_char_common.o ABSOLUTE
    ../clib/printf.c                         0x00000000   Number         0  _printf_intcommon.o ABSOLUTE
    ../clib/printf.c                         0x00000000   Number         0  __2sprintf.o ABSOLUTE
    ../clib/printf_percent.s                 0x00000000   Number         0  _printf_percent_end.o ABSOLUTE
    ../clib/printf_percent.s                 0x00000000   Number         0  _printf_d.o ABSOLUTE
    ../clib/printf_percent.s                 0x00000000   Number         0  _printf_percent.o ABSOLUTE
    ../clib/signal.c                         0x00000000   Number         0  defsig_segv_inner.o ABSOLUTE
    ../clib/signal.c                         0x00000000   Number         0  defsig_rtred_inner.o ABSOLUTE
    ../clib/signal.c                         0x00000000   Number         0  defsig_rtmem_formal.o ABSOLUTE
    ../clib/signal.c                         0x00000000   Number         0  defsig_rtmem_outer.o ABSOLUTE
    ../clib/signal.c                         0x00000000   Number         0  defsig_stak_inner.o ABSOLUTE
    ../clib/signal.c                         0x00000000   Number         0  defsig_cppl_inner.o ABSOLUTE
    ../clib/signal.c                         0x00000000   Number         0  defsig_exit.o ABSOLUTE
    ../clib/signal.c                         0x00000000   Number         0  defsig_general.o ABSOLUTE
    ../clib/signal.c                         0x00000000   Number         0  defsig_other.o ABSOLUTE
    ../clib/signal.c                         0x00000000   Number         0  defsig_fpe_inner.o ABSOLUTE
    ../clib/signal.c                         0x00000000   Number         0  defsig_abrt_inner.o ABSOLUTE
    ../clib/signal.c                         0x00000000   Number         0  __raise.o ABSOLUTE
    ../clib/signal.c                         0x00000000   Number         0  defsig_rtmem_inner.o ABSOLUTE
    ../clib/signal.c                         0x00000000   Number         0  defsig_pvfn_inner.o ABSOLUTE
    ../clib/signal.s                         0x00000000   Number         0  defsig.o ABSOLUTE
    ../clib/stdlib.c                         0x00000000   Number         0  exit.o ABSOLUTE
    ../clib/string.c                         0x00000000   Number         0  strlen.o ABSOLUTE
    ../fplib/faddsub.s                       0x00000000   Number         0  faddsub_clz.o ABSOLUTE
    ../fplib/fcmpi.s                         0x00000000   Number         0  fcmpi.o ABSOLUTE
    ../fplib/fdiv.s                          0x00000000   Number         0  fdiv.o ABSOLUTE
    ../fplib/ffix.s                          0x00000000   Number         0  ffix.o ABSOLUTE
    ../fplib/ffixu.s                         0x00000000   Number         0  ffixu.o ABSOLUTE
    ../fplib/fflt.s                          0x00000000   Number         0  fflt_clz.o ABSOLUTE
    ../fplib/fleqf.s                         0x00000000   Number         0  fleqf.o ABSOLUTE
    ../fplib/fmul.s                          0x00000000   Number         0  fmul.o ABSOLUTE
    ../fplib/fnaninf.s                       0x00000000   Number         0  fnaninf.o ABSOLUTE
    ../fplib/fpinit.s                        0x00000000   Number         0  fpinit.o ABSOLUTE
    ../fplib/fretinf.s                       0x00000000   Number         0  fretinf.o ABSOLUTE
    ../fplib/frleqf.s                        0x00000000   Number         0  frleqf.o ABSOLUTE
    ../fplib/usenofp.s                       0x00000000   Number         0  usenofp.o ABSOLUTE
    ..\..\..\BSP\delay_timer.c               0x00000000   Number         0  delay_timer.o ABSOLUTE
    ..\..\..\BSP\motor.c                     0x00000000   Number         0  motor.o ABSOLUTE
    ..\..\..\BSP\obstacle.c                  0x00000000   Number         0  obstacle.o ABSOLUTE
    ..\..\..\BSP\remote.c                    0x00000000   Number         0  remote.o ABSOLUTE
    ..\..\..\BSP\track.c                     0x00000000   Number         0  track.o ABSOLUTE
    ..\Core\Src\gpio.c                       0x00000000   Number         0  gpio.o ABSOLUTE
    ..\Core\Src\main.c                       0x00000000   Number         0  main.o ABSOLUTE
    ..\Core\Src\stm32f1xx_hal_msp.c          0x00000000   Number         0  stm32f1xx_hal_msp.o ABSOLUTE
    ..\Core\Src\stm32f1xx_it.c               0x00000000   Number         0  stm32f1xx_it.o ABSOLUTE
    ..\Core\Src\system_stm32f1xx.c           0x00000000   Number         0  system_stm32f1xx.o ABSOLUTE
    ..\Core\Src\tim.c                        0x00000000   Number         0  tim.o ABSOLUTE
    ..\Core\Src\usart.c                      0x00000000   Number         0  usart.o ABSOLUTE
    ..\Drivers\STM32F1xx_HAL_Driver\Src\stm32f1xx_hal.c 0x00000000   Number         0  stm32f1xx_hal.o ABSOLUTE
    ..\Drivers\STM32F1xx_HAL_Driver\Src\stm32f1xx_hal_cortex.c 0x00000000   Number         0  stm32f1xx_hal_cortex.o ABSOLUTE
    ..\Drivers\STM32F1xx_HAL_Driver\Src\stm32f1xx_hal_dma.c 0x00000000   Number         0  stm32f1xx_hal_dma.o ABSOLUTE
    ..\Drivers\STM32F1xx_HAL_Driver\Src\stm32f1xx_hal_exti.c 0x00000000   Number         0  stm32f1xx_hal_exti.o ABSOLUTE
    ..\Drivers\STM32F1xx_HAL_Driver\Src\stm32f1xx_hal_flash.c 0x00000000   Number         0  stm32f1xx_hal_flash.o ABSOLUTE
    ..\Drivers\STM32F1xx_HAL_Driver\Src\stm32f1xx_hal_flash_ex.c 0x00000000   Number         0  stm32f1xx_hal_flash_ex.o ABSOLUTE
    ..\Drivers\STM32F1xx_HAL_Driver\Src\stm32f1xx_hal_gpio.c 0x00000000   Number         0  stm32f1xx_hal_gpio.o ABSOLUTE
    ..\Drivers\STM32F1xx_HAL_Driver\Src\stm32f1xx_hal_gpio_ex.c 0x00000000   Number         0  stm32f1xx_hal_gpio_ex.o ABSOLUTE
    ..\Drivers\STM32F1xx_HAL_Driver\Src\stm32f1xx_hal_pwr.c 0x00000000   Number         0  stm32f1xx_hal_pwr.o ABSOLUTE
    ..\Drivers\STM32F1xx_HAL_Driver\Src\stm32f1xx_hal_rcc.c 0x00000000   Number         0  stm32f1xx_hal_rcc.o ABSOLUTE
    ..\Drivers\STM32F1xx_HAL_Driver\Src\stm32f1xx_hal_rcc_ex.c 0x00000000   Number         0  stm32f1xx_hal_rcc_ex.o ABSOLUTE
    ..\Drivers\STM32F1xx_HAL_Driver\Src\stm32f1xx_hal_tim.c 0x00000000   Number         0  stm32f1xx_hal_tim.o ABSOLUTE
    ..\Drivers\STM32F1xx_HAL_Driver\Src\stm32f1xx_hal_tim_ex.c 0x00000000   Number         0  stm32f1xx_hal_tim_ex.o ABSOLUTE
    ..\Drivers\STM32F1xx_HAL_Driver\Src\stm32f1xx_hal_uart.c 0x00000000   Number         0  stm32f1xx_hal_uart.o ABSOLUTE
    ..\\..\\..\\BSP\\delay_timer.c           0x00000000   Number         0  delay_timer.o ABSOLUTE
    ..\\..\\..\\BSP\\motor.c                 0x00000000   Number         0  motor.o ABSOLUTE
    ..\\..\\..\\BSP\\obstacle.c              0x00000000   Number         0  obstacle.o ABSOLUTE
    ..\\..\\..\\BSP\\remote.c                0x00000000   Number         0  remote.o ABSOLUTE
    ..\\..\\..\\BSP\\track.c                 0x00000000   Number         0  track.o ABSOLUTE
    dc.s                                     0x00000000   Number         0  dc.o ABSOLUTE
    startup_stm32f103xb.s                    0x00000000   Number         0  startup_stm32f103xb.o ABSOLUTE
    RESET                                    0x08000000   Section      236  startup_stm32f103xb.o(RESET)
    !!!main                                  0x080000ec   Section        8  __main.o(!!!main)
    !!!scatter                               0x080000f4   Section       52  __scatter.o(!!!scatter)
    !!handler_copy                           0x08000128   Section       26  __scatter_copy.o(!!handler_copy)
    !!handler_zi                             0x08000144   Section       28  __scatter_zi.o(!!handler_zi)
    .ARM.Collect$$libinit$$00000000          0x08000160   Section        2  libinit.o(.ARM.Collect$$libinit$$00000000)
    .ARM.Collect$$libinit$$00000002          0x08000162   Section        0  libinit2.o(.ARM.Collect$$libinit$$00000002)
    .ARM.Collect$$libinit$$00000004          0x08000162   Section        0  libinit2.o(.ARM.Collect$$libinit$$00000004)
    .ARM.Collect$$libinit$$0000000A          0x08000162   Section        0  libinit2.o(.ARM.Collect$$libinit$$0000000A)
    .ARM.Collect$$libinit$$0000000C          0x08000162   Section        0  libinit2.o(.ARM.Collect$$libinit$$0000000C)
    .ARM.Collect$$libinit$$0000000E          0x08000162   Section        0  libinit2.o(.ARM.Collect$$libinit$$0000000E)
    .ARM.Collect$$libinit$$00000011          0x08000162   Section        0  libinit2.o(.ARM.Collect$$libinit$$00000011)
    .ARM.Collect$$libinit$$00000013          0x08000162   Section        0  libinit2.o(.ARM.Collect$$libinit$$00000013)
    .ARM.Collect$$libinit$$00000015          0x08000162   Section        0  libinit2.o(.ARM.Collect$$libinit$$00000015)
    .ARM.Collect$$libinit$$00000017          0x08000162   Section        0  libinit2.o(.ARM.Collect$$libinit$$00000017)
    .ARM.Collect$$libinit$$00000019          0x08000162   Section        0  libinit2.o(.ARM.Collect$$libinit$$00000019)
    .ARM.Collect$$libinit$$0000001B          0x08000162   Section        0  libinit2.o(.ARM.Collect$$libinit$$0000001B)
    .ARM.Collect$$libinit$$0000001D          0x08000162   Section        0  libinit2.o(.ARM.Collect$$libinit$$0000001D)
    .ARM.Collect$$libinit$$0000001F          0x08000162   Section        0  libinit2.o(.ARM.Collect$$libinit$$0000001F)
    .ARM.Collect$$libinit$$00000021          0x08000162   Section        0  libinit2.o(.ARM.Collect$$libinit$$00000021)
    .ARM.Collect$$libinit$$00000023          0x08000162   Section        0  libinit2.o(.ARM.Collect$$libinit$$00000023)
    .ARM.Collect$$libinit$$00000025          0x08000162   Section        0  libinit2.o(.ARM.Collect$$libinit$$00000025)
    .ARM.Collect$$libinit$$0000002C          0x08000162   Section        0  libinit2.o(.ARM.Collect$$libinit$$0000002C)
    .ARM.Collect$$libinit$$0000002E          0x08000162   Section        0  libinit2.o(.ARM.Collect$$libinit$$0000002E)
    .ARM.Collect$$libinit$$00000030          0x08000162   Section        0  libinit2.o(.ARM.Collect$$libinit$$00000030)
    .ARM.Collect$$libinit$$00000032          0x08000162   Section        0  libinit2.o(.ARM.Collect$$libinit$$00000032)
    .ARM.Collect$$libinit$$00000033          0x08000162   Section        2  libinit2.o(.ARM.Collect$$libinit$$00000033)
    .ARM.Collect$$libshutdown$$00000000      0x08000164   Section        2  libshutdown.o(.ARM.Collect$$libshutdown$$00000000)
    .ARM.Collect$$libshutdown$$00000002      0x08000166   Section        0  libshutdown2.o(.ARM.Collect$$libshutdown$$00000002)
    .ARM.Collect$$libshutdown$$00000004      0x08000166   Section        0  libshutdown2.o(.ARM.Collect$$libshutdown$$00000004)
    .ARM.Collect$$libshutdown$$00000007      0x08000166   Section        0  libshutdown2.o(.ARM.Collect$$libshutdown$$00000007)
    .ARM.Collect$$libshutdown$$0000000A      0x08000166   Section        0  libshutdown2.o(.ARM.Collect$$libshutdown$$0000000A)
    .ARM.Collect$$libshutdown$$0000000C      0x08000166   Section        0  libshutdown2.o(.ARM.Collect$$libshutdown$$0000000C)
    .ARM.Collect$$libshutdown$$0000000F      0x08000166   Section        0  libshutdown2.o(.ARM.Collect$$libshutdown$$0000000F)
    .ARM.Collect$$libshutdown$$00000010      0x08000166   Section        2  libshutdown2.o(.ARM.Collect$$libshutdown$$00000010)
    .ARM.Collect$$rtentry$$00000000          0x08000168   Section        0  __rtentry.o(.ARM.Collect$$rtentry$$00000000)
    .ARM.Collect$$rtentry$$00000002          0x08000168   Section        0  __rtentry2.o(.ARM.Collect$$rtentry$$00000002)
    .ARM.Collect$$rtentry$$00000004          0x08000168   Section        6  __rtentry4.o(.ARM.Collect$$rtentry$$00000004)
    .ARM.Collect$$rtentry$$00000009          0x0800016e   Section        0  __rtentry2.o(.ARM.Collect$$rtentry$$00000009)
    .ARM.Collect$$rtentry$$0000000A          0x0800016e   Section        4  __rtentry2.o(.ARM.Collect$$rtentry$$0000000A)
    .ARM.Collect$$rtentry$$0000000C          0x08000172   Section        0  __rtentry2.o(.ARM.Collect$$rtentry$$0000000C)
    .ARM.Collect$$rtentry$$0000000D          0x08000172   Section        8  __rtentry2.o(.ARM.Collect$$rtentry$$0000000D)
    .ARM.Collect$$rtexit$$00000000           0x0800017a   Section        2  rtexit.o(.ARM.Collect$$rtexit$$00000000)
    .ARM.Collect$$rtexit$$00000002           0x0800017c   Section        0  rtexit2.o(.ARM.Collect$$rtexit$$00000002)
    .ARM.Collect$$rtexit$$00000003           0x0800017c   Section        4  rtexit2.o(.ARM.Collect$$rtexit$$00000003)
    .ARM.Collect$$rtexit$$00000004           0x08000180   Section        6  rtexit2.o(.ARM.Collect$$rtexit$$00000004)
    .text                                    0x08000188   Section       64  startup_stm32f103xb.o(.text)
    .text                                    0x080001c8   Section       78  rt_memclr_w.o(.text)
    .text                                    0x08000216   Section        0  heapauxi.o(.text)
    .text                                    0x0800021c   Section       74  sys_stackheap_outer.o(.text)
    .text                                    0x08000266   Section        0  exit.o(.text)
    .text                                    0x08000278   Section        8  libspace.o(.text)
    .text                                    0x08000280   Section        0  sys_exit.o(.text)
    .text                                    0x0800028c   Section        2  use_no_semi.o(.text)
    .text                                    0x0800028e   Section        0  indicate_semi.o(.text)
    i.BusFault_Handler                       0x0800028e   Section        0  stm32f1xx_it.o(i.BusFault_Handler)
    i.Car_Backward                           0x08000290   Section        0  motor.o(i.Car_Backward)
    i.Car_Forward                            0x080002a8   Section        0  motor.o(i.Car_Forward)
    i.Car_Spin_Left                          0x080002c0   Section        0  motor.o(i.Car_Spin_Left)
    i.Car_Spin_Right                         0x080002d8   Section        0  motor.o(i.Car_Spin_Right)
    i.Car_Stop                               0x080002f0   Section        0  motor.o(i.Car_Stop)
    i.Car_Turn_Left                          0x08000306   Section        0  motor.o(i.Car_Turn_Left)
    i.Car_Turn_Right                         0x0800031e   Section        0  motor.o(i.Car_Turn_Right)
    i.DebugMon_Handler                       0x08000336   Section        0  stm32f1xx_it.o(i.DebugMon_Handler)
    i.Error_Handler                          0x08000338   Section        0  main.o(i.Error_Handler)
    i.HAL_DMA_Abort                          0x0800033c   Section        0  stm32f1xx_hal_dma.o(i.HAL_DMA_Abort)
    i.HAL_DMA_Abort_IT                       0x08000384   Section        0  stm32f1xx_hal_dma.o(i.HAL_DMA_Abort_IT)
    i.HAL_Delay                              0x0800041c   Section        0  stm32f1xx_hal.o(i.HAL_Delay)
    i.HAL_GPIO_Init                          0x08000440   Section        0  stm32f1xx_hal_gpio.o(i.HAL_GPIO_Init)
    i.HAL_GPIO_ReadPin                       0x08000620   Section        0  stm32f1xx_hal_gpio.o(i.HAL_GPIO_ReadPin)
    i.HAL_GPIO_WritePin                      0x0800062a   Section        0  stm32f1xx_hal_gpio.o(i.HAL_GPIO_WritePin)
    i.HAL_GetTick                            0x08000634   Section        0  stm32f1xx_hal.o(i.HAL_GetTick)
    i.HAL_IncTick                            0x08000640   Section        0  stm32f1xx_hal.o(i.HAL_IncTick)
    i.HAL_Init                               0x08000650   Section        0  stm32f1xx_hal.o(i.HAL_Init)
    i.HAL_InitTick                           0x08000674   Section        0  stm32f1xx_hal.o(i.HAL_InitTick)
    i.HAL_MspInit                            0x080006b4   Section        0  stm32f1xx_hal_msp.o(i.HAL_MspInit)
    i.HAL_NVIC_EnableIRQ                     0x080006f0   Section        0  stm32f1xx_hal_cortex.o(i.HAL_NVIC_EnableIRQ)
    i.HAL_NVIC_SetPriority                   0x0800070c   Section        0  stm32f1xx_hal_cortex.o(i.HAL_NVIC_SetPriority)
    i.HAL_NVIC_SetPriorityGrouping           0x0800074c   Section        0  stm32f1xx_hal_cortex.o(i.HAL_NVIC_SetPriorityGrouping)
    i.HAL_RCC_ClockConfig                    0x08000770   Section        0  stm32f1xx_hal_rcc.o(i.HAL_RCC_ClockConfig)
    i.HAL_RCC_GetPCLK1Freq                   0x0800089c   Section        0  stm32f1xx_hal_rcc.o(i.HAL_RCC_GetPCLK1Freq)
    i.HAL_RCC_GetPCLK2Freq                   0x080008bc   Section        0  stm32f1xx_hal_rcc.o(i.HAL_RCC_GetPCLK2Freq)
    i.HAL_RCC_GetSysClockFreq                0x080008dc   Section        0  stm32f1xx_hal_rcc.o(i.HAL_RCC_GetSysClockFreq)
    i.HAL_RCC_OscConfig                      0x08000928   Section        0  stm32f1xx_hal_rcc.o(i.HAL_RCC_OscConfig)
    i.HAL_SYSTICK_Config                     0x08000c48   Section        0  stm32f1xx_hal_cortex.o(i.HAL_SYSTICK_Config)
    i.HAL_TIMEx_BreakCallback                0x08000c70   Section        0  stm32f1xx_hal_tim_ex.o(i.HAL_TIMEx_BreakCallback)
    i.HAL_TIMEx_CommutCallback               0x08000c72   Section        0  stm32f1xx_hal_tim_ex.o(i.HAL_TIMEx_CommutCallback)
    i.HAL_TIMEx_ConfigBreakDeadTime          0x08000c74   Section        0  stm32f1xx_hal_tim_ex.o(i.HAL_TIMEx_ConfigBreakDeadTime)
    i.HAL_TIMEx_MasterConfigSynchronization  0x08000cc8   Section        0  stm32f1xx_hal_tim_ex.o(i.HAL_TIMEx_MasterConfigSynchronization)
    i.HAL_TIM_Base_Init                      0x08000d30   Section        0  stm32f1xx_hal_tim.o(i.HAL_TIM_Base_Init)
    i.HAL_TIM_Base_MspInit                   0x08000d8c   Section        0  tim.o(i.HAL_TIM_Base_MspInit)
    i.HAL_TIM_ConfigClockSource              0x08000dcc   Section        0  stm32f1xx_hal_tim.o(i.HAL_TIM_ConfigClockSource)
    i.HAL_TIM_IC_CaptureCallback             0x08000ea8   Section        0  stm32f1xx_hal_tim.o(i.HAL_TIM_IC_CaptureCallback)
    i.HAL_TIM_IC_ConfigChannel               0x08000eaa   Section        0  stm32f1xx_hal_tim.o(i.HAL_TIM_IC_ConfigChannel)
    i.HAL_TIM_IC_Init                        0x08000fce   Section        0  stm32f1xx_hal_tim.o(i.HAL_TIM_IC_Init)
    i.HAL_TIM_IC_MspInit                     0x08001028   Section        0  tim.o(i.HAL_TIM_IC_MspInit)
    i.HAL_TIM_IC_Start_IT                    0x08001088   Section        0  stm32f1xx_hal_tim.o(i.HAL_TIM_IC_Start_IT)
    i.HAL_TIM_IRQHandler                     0x0800116c   Section        0  stm32f1xx_hal_tim.o(i.HAL_TIM_IRQHandler)
    i.HAL_TIM_MspPostInit                    0x0800129c   Section        0  tim.o(i.HAL_TIM_MspPostInit)
    i.HAL_TIM_OC_DelayElapsedCallback        0x0800132c   Section        0  stm32f1xx_hal_tim.o(i.HAL_TIM_OC_DelayElapsedCallback)
    i.HAL_TIM_PWM_ConfigChannel              0x0800132e   Section        0  stm32f1xx_hal_tim.o(i.HAL_TIM_PWM_ConfigChannel)
    i.HAL_TIM_PWM_Init                       0x080013fa   Section        0  stm32f1xx_hal_tim.o(i.HAL_TIM_PWM_Init)
    i.HAL_TIM_PWM_MspInit                    0x08001454   Section        0  stm32f1xx_hal_tim.o(i.HAL_TIM_PWM_MspInit)
    i.HAL_TIM_PWM_PulseFinishedCallback      0x08001456   Section        0  stm32f1xx_hal_tim.o(i.HAL_TIM_PWM_PulseFinishedCallback)
    i.HAL_TIM_PWM_Start                      0x08001458   Section        0  stm32f1xx_hal_tim.o(i.HAL_TIM_PWM_Start)
    i.HAL_TIM_PeriodElapsedCallback          0x080014f4   Section        0  stm32f1xx_hal_tim.o(i.HAL_TIM_PeriodElapsedCallback)
    i.HAL_TIM_ReadCapturedValue              0x080014f6   Section        0  stm32f1xx_hal_tim.o(i.HAL_TIM_ReadCapturedValue)
    i.HAL_TIM_TriggerCallback                0x08001520   Section        0  stm32f1xx_hal_tim.o(i.HAL_TIM_TriggerCallback)
    i.HAL_UARTEx_RxEventCallback             0x08001522   Section        0  stm32f1xx_hal_uart.o(i.HAL_UARTEx_RxEventCallback)
    i.HAL_UART_ErrorCallback                 0x08001524   Section        0  stm32f1xx_hal_uart.o(i.HAL_UART_ErrorCallback)
    i.HAL_UART_IRQHandler                    0x08001528   Section        0  stm32f1xx_hal_uart.o(i.HAL_UART_IRQHandler)
    i.HAL_UART_Init                          0x08001794   Section        0  stm32f1xx_hal_uart.o(i.HAL_UART_Init)
    i.HAL_UART_MspInit                       0x080017f8   Section        0  usart.o(i.HAL_UART_MspInit)
    i.HAL_UART_Receive_IT                    0x08001878   Section        0  stm32f1xx_hal_uart.o(i.HAL_UART_Receive_IT)
    i.HAL_UART_RxCpltCallback                0x08001894   Section        0  remote.o(i.HAL_UART_RxCpltCallback)
    i.HAL_UART_Transmit                      0x080018c4   Section        0  stm32f1xx_hal_uart.o(i.HAL_UART_Transmit)
    i.HAL_UART_TxCpltCallback                0x08001964   Section        0  stm32f1xx_hal_uart.o(i.HAL_UART_TxCpltCallback)
    i.Handle_Mode_Switch                     0x08001968   Section        0  main.o(i.Handle_Mode_Switch)
    i.HardFault_Handler                      0x080019c4   Section        0  stm32f1xx_it.o(i.HardFault_Handler)
    i.MX_GPIO_Init                           0x080019c8   Section        0  gpio.o(i.MX_GPIO_Init)
    i.MX_TIM1_Init                           0x08001aa8   Section        0  tim.o(i.MX_TIM1_Init)
    i.MX_TIM2_Init                           0x08001b74   Section        0  tim.o(i.MX_TIM2_Init)
    i.MX_TIM3_Init                           0x08001be0   Section        0  tim.o(i.MX_TIM3_Init)
    i.MX_USART1_UART_Init                    0x08001ca8   Section        0  usart.o(i.MX_USART1_UART_Init)
    i.MemManage_Handler                      0x08001ce0   Section        0  stm32f1xx_it.o(i.MemManage_Handler)
    i.Motor_Init                             0x08001ce4   Section        0  motor.o(i.Motor_Init)
    i.Motor_Left_Set                         0x08001d14   Section        0  motor.o(i.Motor_Left_Set)
    i.Motor_Right_Set                        0x08001da8   Section        0  motor.o(i.Motor_Right_Set)
    i.NMI_Handler                            0x08001e3c   Section        0  stm32f1xx_it.o(i.NMI_Handler)
    i.Obstacle_GetDistance                   0x08001e40   Section        0  obstacle.o(i.Obstacle_GetDistance)
    i.Obstacle_Init                          0x08001eac   Section        0  obstacle.o(i.Obstacle_Init)
    i.Obstacle_Scan                          0x08001ee0   Section        0  obstacle.o(i.Obstacle_Scan)
    i.Obstacle_TIM_IC_Callback               0x08001f38   Section        0  obstacle.o(i.Obstacle_TIM_IC_Callback)
    i.PendSV_Handler                         0x08001fe4   Section        0  stm32f1xx_it.o(i.PendSV_Handler)
    i.Perform_Avoid_Mode                     0x08001fe8   Section        0  main.o(i.Perform_Avoid_Mode)
    i.Perform_Remote_Control                 0x0800213c   Section        0  main.o(i.Perform_Remote_Control)
    i.Perform_Track_Mode                     0x08002178   Section        0  main.o(i.Perform_Track_Mode)
    i.Remote_Get_Command                     0x080021b4   Section        0  remote.o(i.Remote_Get_Command)
    i.Remote_Init                            0x080021c8   Section        0  remote.o(i.Remote_Init)
    i.Remote_UART_RxCallback                 0x080021dc   Section        0  remote.o(i.Remote_UART_RxCallback)
    i.SVC_Handler                            0x08002258   Section        0  stm32f1xx_it.o(i.SVC_Handler)
    i.Send_Distance_Data                     0x0800225c   Section        0  main.o(i.Send_Distance_Data)
    i.Servo_SetAngle                         0x08002310   Section        0  obstacle.o(i.Servo_SetAngle)
    i.SysTick_Handler                        0x0800234c   Section        0  stm32f1xx_it.o(i.SysTick_Handler)
    i.SystemClock_Config                     0x08002350   Section        0  main.o(i.SystemClock_Config)
    i.SystemInit                             0x080023ae   Section        0  system_stm32f1xx.o(i.SystemInit)
    i.TIM2_IRQHandler                        0x080023b0   Section        0  stm32f1xx_it.o(i.TIM2_IRQHandler)
    i.TIM_Base_SetConfig                     0x080023c8   Section        0  stm32f1xx_hal_tim.o(i.TIM_Base_SetConfig)
    i.TIM_CCxChannelCmd                      0x08002440   Section        0  stm32f1xx_hal_tim.o(i.TIM_CCxChannelCmd)
    i.TIM_ETR_SetConfig                      0x0800245a   Section        0  stm32f1xx_hal_tim.o(i.TIM_ETR_SetConfig)
    i.TIM_ITRx_SetConfig                     0x0800246e   Section        0  stm32f1xx_hal_tim.o(i.TIM_ITRx_SetConfig)
    TIM_ITRx_SetConfig                       0x0800246f   Thumb Code    16  stm32f1xx_hal_tim.o(i.TIM_ITRx_SetConfig)
    i.TIM_OC1_SetConfig                      0x08002480   Section        0  stm32f1xx_hal_tim.o(i.TIM_OC1_SetConfig)
    TIM_OC1_SetConfig                        0x08002481   Thumb Code    74  stm32f1xx_hal_tim.o(i.TIM_OC1_SetConfig)
    i.TIM_OC2_SetConfig                      0x080024d0   Section        0  stm32f1xx_hal_tim.o(i.TIM_OC2_SetConfig)
    i.TIM_OC3_SetConfig                      0x08002528   Section        0  stm32f1xx_hal_tim.o(i.TIM_OC3_SetConfig)
    TIM_OC3_SetConfig                        0x08002529   Thumb Code    82  stm32f1xx_hal_tim.o(i.TIM_OC3_SetConfig)
    i.TIM_OC4_SetConfig                      0x08002580   Section        0  stm32f1xx_hal_tim.o(i.TIM_OC4_SetConfig)
    TIM_OC4_SetConfig                        0x08002581   Thumb Code    64  stm32f1xx_hal_tim.o(i.TIM_OC4_SetConfig)
    i.TIM_TI1_ConfigInputStage               0x080025c4   Section        0  stm32f1xx_hal_tim.o(i.TIM_TI1_ConfigInputStage)
    TIM_TI1_ConfigInputStage                 0x080025c5   Thumb Code    34  stm32f1xx_hal_tim.o(i.TIM_TI1_ConfigInputStage)
    i.TIM_TI1_SetConfig                      0x080025e8   Section        0  stm32f1xx_hal_tim.o(i.TIM_TI1_SetConfig)
    i.TIM_TI2_ConfigInputStage               0x08002640   Section        0  stm32f1xx_hal_tim.o(i.TIM_TI2_ConfigInputStage)
    TIM_TI2_ConfigInputStage                 0x08002641   Thumb Code    36  stm32f1xx_hal_tim.o(i.TIM_TI2_ConfigInputStage)
    i.TIM_TI2_SetConfig                      0x08002664   Section        0  stm32f1xx_hal_tim.o(i.TIM_TI2_SetConfig)
    TIM_TI2_SetConfig                        0x08002665   Thumb Code    54  stm32f1xx_hal_tim.o(i.TIM_TI2_SetConfig)
    i.Track_Get_Status                       0x0800269c   Section        0  track.o(i.Track_Get_Status)
    i.UART_DMAAbortOnError                   0x0800270c   Section        0  stm32f1xx_hal_uart.o(i.UART_DMAAbortOnError)
    UART_DMAAbortOnError                     0x0800270d   Thumb Code    16  stm32f1xx_hal_uart.o(i.UART_DMAAbortOnError)
    i.UART_EndRxTransfer                     0x0800271c   Section        0  stm32f1xx_hal_uart.o(i.UART_EndRxTransfer)
    UART_EndRxTransfer                       0x0800271d   Thumb Code    78  stm32f1xx_hal_uart.o(i.UART_EndRxTransfer)
    i.UART_Receive_IT                        0x0800276a   Section        0  stm32f1xx_hal_uart.o(i.UART_Receive_IT)
    UART_Receive_IT                          0x0800276b   Thumb Code   194  stm32f1xx_hal_uart.o(i.UART_Receive_IT)
    i.UART_SetConfig                         0x0800282c   Section        0  stm32f1xx_hal_uart.o(i.UART_SetConfig)
    UART_SetConfig                           0x0800282d   Thumb Code   178  stm32f1xx_hal_uart.o(i.UART_SetConfig)
    i.UART_Start_Receive_IT                  0x080028e4   Section        0  stm32f1xx_hal_uart.o(i.UART_Start_Receive_IT)
    i.UART_WaitOnFlagUntilTimeout            0x0800291a   Section        0  stm32f1xx_hal_uart.o(i.UART_WaitOnFlagUntilTimeout)
    UART_WaitOnFlagUntilTimeout              0x0800291b   Thumb Code   114  stm32f1xx_hal_uart.o(i.UART_WaitOnFlagUntilTimeout)
    i.USART1_IRQHandler                      0x0800298c   Section        0  stm32f1xx_it.o(i.USART1_IRQHandler)
    i.UsageFault_Handler                     0x08002998   Section        0  stm32f1xx_it.o(i.UsageFault_Handler)
    i.__NVIC_SetPriority                     0x0800299a   Section        0  stm32f1xx_hal_cortex.o(i.__NVIC_SetPriority)
    __NVIC_SetPriority                       0x0800299b   Thumb Code    32  stm32f1xx_hal_cortex.o(i.__NVIC_SetPriority)
    i.main                                   0x080029bc   Section        0  main.o(i.main)
    i.ultrasonic_start                       0x08002a24   Section        0  obstacle.o(i.ultrasonic_start)
    ultrasonic_start                         0x08002a25   Thumb Code    84  obstacle.o(i.ultrasonic_start)
    x$fpl$fadd                               0x08002a84   Section      196  faddsub_clz.o(x$fpl$fadd)
    _fadd1                                   0x08002a93   Thumb Code     0  faddsub_clz.o(x$fpl$fadd)
    x$fpl$fcmpinf                            0x08002b48   Section       24  fcmpi.o(x$fpl$fcmpinf)
    x$fpl$fdiv                               0x08002b60   Section      388  fdiv.o(x$fpl$fdiv)
    _fdiv1                                   0x08002b61   Thumb Code     0  fdiv.o(x$fpl$fdiv)
    x$fpl$ffix                               0x08002ce4   Section       54  ffix.o(x$fpl$ffix)
    x$fpl$ffixu                              0x08002d1c   Section       62  ffixu.o(x$fpl$ffixu)
    x$fpl$fflt                               0x08002d5c   Section       48  fflt_clz.o(x$fpl$fflt)
    x$fpl$ffltu                              0x08002d8c   Section       38  fflt_clz.o(x$fpl$ffltu)
    x$fpl$fleqf                              0x08002db4   Section      104  fleqf.o(x$fpl$fleqf)
    x$fpl$fmul                               0x08002e1c   Section      258  fmul.o(x$fpl$fmul)
    x$fpl$fnaninf                            0x08002f1e   Section      140  fnaninf.o(x$fpl$fnaninf)
    x$fpl$fretinf                            0x08002faa   Section       10  fretinf.o(x$fpl$fretinf)
    x$fpl$frleqf                             0x08002fb4   Section       98  frleqf.o(x$fpl$frleqf)
    x$fpl$frsb                               0x08003016   Section       20  faddsub_clz.o(x$fpl$frsb)
    x$fpl$fsub                               0x0800302c   Section      234  faddsub_clz.o(x$fpl$fsub)
    _fsub1                                   0x0800303b   Thumb Code     0  faddsub_clz.o(x$fpl$fsub)
    .constdata                               0x08003116   Section       18  stm32f1xx_hal_rcc.o(.constdata)
    x$fpl$usenofp                            0x08003116   Section        0  usenofp.o(x$fpl$usenofp)
    aPredivFactorTable                       0x08003116   Data           2  stm32f1xx_hal_rcc.o(.constdata)
    aPLLMULFactorTable                       0x08003118   Data          16  stm32f1xx_hal_rcc.o(.constdata)
    .constdata                               0x08003128   Section       16  system_stm32f1xx.o(.constdata)
    .constdata                               0x08003138   Section        8  system_stm32f1xx.o(.constdata)
    .data                                    0x20000000   Section       24  main.o(.data)
    g_last_avoid_turn                        0x20000003   Data           1  main.o(.data)
    last_distance_send_tick                  0x20000004   Data           4  main.o(.data)
    .data                                    0x20000018   Section       12  stm32f1xx_hal.o(.data)
    .data                                    0x20000024   Section        4  system_stm32f1xx.o(.data)
    .data                                    0x20000028   Section       20  obstacle.o(.data)
    g_us_state                               0x20000028   Data           1  obstacle.o(.data)
    g_tim_capture_val1                       0x2000002c   Data           4  obstacle.o(.data)
    g_tim_capture_val2                       0x20000030   Data           4  obstacle.o(.data)
    g_measurement_start_tick                 0x20000034   Data           4  obstacle.o(.data)
    g_last_distance_cm                       0x20000038   Data           4  obstacle.o(.data)
    .data                                    0x2000003c   Section        2  remote.o(.data)
    g_remote_cmd                             0x2000003c   Data           1  remote.o(.data)
    g_rx_buffer                              0x2000003d   Data           1  remote.o(.data)
    .bss                                     0x20000040   Section      216  tim.o(.bss)
    .bss                                     0x20000118   Section       72  usart.o(.bss)
    .bss                                     0x20000160   Section       96  libspace.o(.bss)
    HEAP                                     0x200001c0   Section      512  startup_stm32f103xb.o(HEAP)
    Heap_Mem                                 0x200001c0   Data         512  startup_stm32f103xb.o(HEAP)
    STACK                                    0x200003c0   Section     1024  startup_stm32f103xb.o(STACK)
    Stack_Mem                                0x200003c0   Data        1024  startup_stm32f103xb.o(STACK)
    __initial_sp                             0x200007c0   Data           0  startup_stm32f103xb.o(STACK)

    Global Symbols

    Symbol Name                              Value     Ov Type        Size  Object(Section)

    BuildAttributes$$THM_ISAv4$P$D$K$B$S$PE$A:L22UL41UL21$X:L11$S22US41US21$IEEE1$IW$USESV6$~STKCKD$USESV7$~SHL$OSPACE$ROPI$EBA8$UX$STANDARDLIB$REQ8$PRES8$EABIv2 0x00000000   Number         0  anon$$obj.o ABSOLUTE
    __ARM_use_no_argv                        0x00000000   Number         0  main.o ABSOLUTE
    __ARM_exceptions_init                     - Undefined Weak Reference
    __alloca_initialize                       - Undefined Weak Reference
    __arm_preinit_                            - Undefined Weak Reference
    __cpp_initialize__aeabi_                  - Undefined Weak Reference
    __cxa_finalize                            - Undefined Weak Reference
    __rt_locale                               - Undefined Weak Reference
    __sigvec_lookup                           - Undefined Weak Reference
    _atexit_init                              - Undefined Weak Reference
    _call_atexit_fns                          - Undefined Weak Reference
    _clock_init                               - Undefined Weak Reference
    _fp_trap_init                             - Undefined Weak Reference
    _fp_trap_shutdown                         - Undefined Weak Reference
    _get_lc_collate                           - Undefined Weak Reference
    _get_lc_ctype                             - Undefined Weak Reference
    _get_lc_monetary                          - Undefined Weak Reference
    _get_lc_numeric                           - Undefined Weak Reference
    _get_lc_time                              - Undefined Weak Reference
    _getenv_init                              - Undefined Weak Reference
    _handle_redirection                       - Undefined Weak Reference
    _init_alloc                               - Undefined Weak Reference
    _init_user_alloc                          - Undefined Weak Reference
    _initio                                   - Undefined Weak Reference
    _printf_post_padding                      - Undefined Weak Reference
    _printf_pre_padding                       - Undefined Weak Reference
    _printf_truncate_signed                   - Undefined Weak Reference
    _printf_truncate_unsigned                 - Undefined Weak Reference
    _rand_init                                - Undefined Weak Reference
    _signal_finish                            - Undefined Weak Reference
    _signal_init                              - Undefined Weak Reference
    _terminate_alloc                          - Undefined Weak Reference
    _terminate_user_alloc                     - Undefined Weak Reference
    _terminateio                              - Undefined Weak Reference
    __Vectors_Size                           0x000000ec   Number         0  startup_stm32f103xb.o ABSOLUTE
    __Vectors                                0x08000000   Data           4  startup_stm32f103xb.o(RESET)
    __Vectors_End                            0x080000ec   Data           0  startup_stm32f103xb.o(RESET)
    __main                                   0x080000ed   Thumb Code     8  __main.o(!!!main)
    __scatterload                            0x080000f5   Thumb Code     0  __scatter.o(!!!scatter)
    __scatterload_rt2                        0x080000f5   Thumb Code    44  __scatter.o(!!!scatter)
    __scatterload_rt2_thumb_only             0x080000f5   Thumb Code     0  __scatter.o(!!!scatter)
    __scatterload_null                       0x08000103   Thumb Code     0  __scatter.o(!!!scatter)
    __scatterload_copy                       0x08000129   Thumb Code    26  __scatter_copy.o(!!handler_copy)
    __scatterload_zeroinit                   0x08000145   Thumb Code    28  __scatter_zi.o(!!handler_zi)
    __rt_lib_init                            0x08000161   Thumb Code     0  libinit.o(.ARM.Collect$$libinit$$00000000)
    __rt_lib_init_alloca_1                   0x08000163   Thumb Code     0  libinit2.o(.ARM.Collect$$libinit$$0000002E)
    __rt_lib_init_argv_1                     0x08000163   Thumb Code     0  libinit2.o(.ARM.Collect$$libinit$$0000002C)
    __rt_lib_init_atexit_1                   0x08000163   Thumb Code     0  libinit2.o(.ARM.Collect$$libinit$$0000001B)
    __rt_lib_init_clock_1                    0x08000163   Thumb Code     0  libinit2.o(.ARM.Collect$$libinit$$00000021)
    __rt_lib_init_cpp_1                      0x08000163   Thumb Code     0  libinit2.o(.ARM.Collect$$libinit$$00000032)
    __rt_lib_init_exceptions_1               0x08000163   Thumb Code     0  libinit2.o(.ARM.Collect$$libinit$$00000030)
    __rt_lib_init_fp_1                       0x08000163   Thumb Code     0  libinit2.o(.ARM.Collect$$libinit$$00000002)
    __rt_lib_init_fp_trap_1                  0x08000163   Thumb Code     0  libinit2.o(.ARM.Collect$$libinit$$0000001F)
    __rt_lib_init_getenv_1                   0x08000163   Thumb Code     0  libinit2.o(.ARM.Collect$$libinit$$00000023)
    __rt_lib_init_heap_1                     0x08000163   Thumb Code     0  libinit2.o(.ARM.Collect$$libinit$$0000000A)
    __rt_lib_init_lc_collate_1               0x08000163   Thumb Code     0  libinit2.o(.ARM.Collect$$libinit$$00000011)
    __rt_lib_init_lc_ctype_1                 0x08000163   Thumb Code     0  libinit2.o(.ARM.Collect$$libinit$$00000013)
    __rt_lib_init_lc_monetary_1              0x08000163   Thumb Code     0  libinit2.o(.ARM.Collect$$libinit$$00000015)
    __rt_lib_init_lc_numeric_1               0x08000163   Thumb Code     0  libinit2.o(.ARM.Collect$$libinit$$00000017)
    __rt_lib_init_lc_time_1                  0x08000163   Thumb Code     0  libinit2.o(.ARM.Collect$$libinit$$00000019)
    __rt_lib_init_preinit_1                  0x08000163   Thumb Code     0  libinit2.o(.ARM.Collect$$libinit$$00000004)
    __rt_lib_init_rand_1                     0x08000163   Thumb Code     0  libinit2.o(.ARM.Collect$$libinit$$0000000E)
    __rt_lib_init_return                     0x08000163   Thumb Code     0  libinit2.o(.ARM.Collect$$libinit$$00000033)
    __rt_lib_init_signal_1                   0x08000163   Thumb Code     0  libinit2.o(.ARM.Collect$$libinit$$0000001D)
    __rt_lib_init_stdio_1                    0x08000163   Thumb Code     0  libinit2.o(.ARM.Collect$$libinit$$00000025)
    __rt_lib_init_user_alloc_1               0x08000163   Thumb Code     0  libinit2.o(.ARM.Collect$$libinit$$0000000C)
    __rt_lib_shutdown                        0x08000165   Thumb Code     0  libshutdown.o(.ARM.Collect$$libshutdown$$00000000)
    __rt_lib_shutdown_cpp_1                  0x08000167   Thumb Code     0  libshutdown2.o(.ARM.Collect$$libshutdown$$00000002)
    __rt_lib_shutdown_fp_trap_1              0x08000167   Thumb Code     0  libshutdown2.o(.ARM.Collect$$libshutdown$$00000007)
    __rt_lib_shutdown_heap_1                 0x08000167   Thumb Code     0  libshutdown2.o(.ARM.Collect$$libshutdown$$0000000F)
    __rt_lib_shutdown_return                 0x08000167   Thumb Code     0  libshutdown2.o(.ARM.Collect$$libshutdown$$00000010)
    __rt_lib_shutdown_signal_1               0x08000167   Thumb Code     0  libshutdown2.o(.ARM.Collect$$libshutdown$$0000000A)
    __rt_lib_shutdown_stdio_1                0x08000167   Thumb Code     0  libshutdown2.o(.ARM.Collect$$libshutdown$$00000004)
    __rt_lib_shutdown_user_alloc_1           0x08000167   Thumb Code     0  libshutdown2.o(.ARM.Collect$$libshutdown$$0000000C)
    __rt_entry                               0x08000169   Thumb Code     0  __rtentry.o(.ARM.Collect$$rtentry$$00000000)
    __rt_entry_presh_1                       0x08000169   Thumb Code     0  __rtentry2.o(.ARM.Collect$$rtentry$$00000002)
    __rt_entry_sh                            0x08000169   Thumb Code     0  __rtentry4.o(.ARM.Collect$$rtentry$$00000004)
    __rt_entry_li                            0x0800016f   Thumb Code     0  __rtentry2.o(.ARM.Collect$$rtentry$$0000000A)
    __rt_entry_postsh_1                      0x0800016f   Thumb Code     0  __rtentry2.o(.ARM.Collect$$rtentry$$00000009)
    __rt_entry_main                          0x08000173   Thumb Code     0  __rtentry2.o(.ARM.Collect$$rtentry$$0000000D)
    __rt_entry_postli_1                      0x08000173   Thumb Code     0  __rtentry2.o(.ARM.Collect$$rtentry$$0000000C)
    __rt_exit                                0x0800017b   Thumb Code     0  rtexit.o(.ARM.Collect$$rtexit$$00000000)
    __rt_exit_ls                             0x0800017d   Thumb Code     0  rtexit2.o(.ARM.Collect$$rtexit$$00000003)
    __rt_exit_prels_1                        0x0800017d   Thumb Code     0  rtexit2.o(.ARM.Collect$$rtexit$$00000002)
    __rt_exit_exit                           0x08000181   Thumb Code     0  rtexit2.o(.ARM.Collect$$rtexit$$00000004)
    Reset_Handler                            0x08000189   Thumb Code     8  startup_stm32f103xb.o(.text)
    ADC1_2_IRQHandler                        0x080001a3   Thumb Code     0  startup_stm32f103xb.o(.text)
    CAN1_RX1_IRQHandler                      0x080001a3   Thumb Code     0  startup_stm32f103xb.o(.text)
    CAN1_SCE_IRQHandler                      0x080001a3   Thumb Code     0  startup_stm32f103xb.o(.text)
    DMA1_Channel1_IRQHandler                 0x080001a3   Thumb Code     0  startup_stm32f103xb.o(.text)
    DMA1_Channel2_IRQHandler                 0x080001a3   Thumb Code     0  startup_stm32f103xb.o(.text)
    DMA1_Channel3_IRQHandler                 0x080001a3   Thumb Code     0  startup_stm32f103xb.o(.text)
    DMA1_Channel4_IRQHandler                 0x080001a3   Thumb Code     0  startup_stm32f103xb.o(.text)
    DMA1_Channel5_IRQHandler                 0x080001a3   Thumb Code     0  startup_stm32f103xb.o(.text)
    DMA1_Channel6_IRQHandler                 0x080001a3   Thumb Code     0  startup_stm32f103xb.o(.text)
    DMA1_Channel7_IRQHandler                 0x080001a3   Thumb Code     0  startup_stm32f103xb.o(.text)
    EXTI0_IRQHandler                         0x080001a3   Thumb Code     0  startup_stm32f103xb.o(.text)
    EXTI15_10_IRQHandler                     0x080001a3   Thumb Code     0  startup_stm32f103xb.o(.text)
    EXTI1_IRQHandler                         0x080001a3   Thumb Code     0  startup_stm32f103xb.o(.text)
    EXTI2_IRQHandler                         0x080001a3   Thumb Code     0  startup_stm32f103xb.o(.text)
    EXTI3_IRQHandler                         0x080001a3   Thumb Code     0  startup_stm32f103xb.o(.text)
    EXTI4_IRQHandler                         0x080001a3   Thumb Code     0  startup_stm32f103xb.o(.text)
    EXTI9_5_IRQHandler                       0x080001a3   Thumb Code     0  startup_stm32f103xb.o(.text)
    FLASH_IRQHandler                         0x080001a3   Thumb Code     0  startup_stm32f103xb.o(.text)
    I2C1_ER_IRQHandler                       0x080001a3   Thumb Code     0  startup_stm32f103xb.o(.text)
    I2C1_EV_IRQHandler                       0x080001a3   Thumb Code     0  startup_stm32f103xb.o(.text)
    I2C2_ER_IRQHandler                       0x080001a3   Thumb Code     0  startup_stm32f103xb.o(.text)
    I2C2_EV_IRQHandler                       0x080001a3   Thumb Code     0  startup_stm32f103xb.o(.text)
    PVD_IRQHandler                           0x080001a3   Thumb Code     0  startup_stm32f103xb.o(.text)
    RCC_IRQHandler                           0x080001a3   Thumb Code     0  startup_stm32f103xb.o(.text)
    RTC_Alarm_IRQHandler                     0x080001a3   Thumb Code     0  startup_stm32f103xb.o(.text)
    RTC_IRQHandler                           0x080001a3   Thumb Code     0  startup_stm32f103xb.o(.text)
    SPI1_IRQHandler                          0x080001a3   Thumb Code     0  startup_stm32f103xb.o(.text)
    SPI2_IRQHandler                          0x080001a3   Thumb Code     0  startup_stm32f103xb.o(.text)
    TAMPER_IRQHandler                        0x080001a3   Thumb Code     0  startup_stm32f103xb.o(.text)
    TIM1_BRK_IRQHandler                      0x080001a3   Thumb Code     0  startup_stm32f103xb.o(.text)
    TIM1_CC_IRQHandler                       0x080001a3   Thumb Code     0  startup_stm32f103xb.o(.text)
    TIM1_TRG_COM_IRQHandler                  0x080001a3   Thumb Code     0  startup_stm32f103xb.o(.text)
    TIM1_UP_IRQHandler                       0x080001a3   Thumb Code     0  startup_stm32f103xb.o(.text)
    TIM3_IRQHandler                          0x080001a3   Thumb Code     0  startup_stm32f103xb.o(.text)
    TIM4_IRQHandler                          0x080001a3   Thumb Code     0  startup_stm32f103xb.o(.text)
    USART2_IRQHandler                        0x080001a3   Thumb Code     0  startup_stm32f103xb.o(.text)
    USART3_IRQHandler                        0x080001a3   Thumb Code     0  startup_stm32f103xb.o(.text)
    USBWakeUp_IRQHandler                     0x080001a3   Thumb Code     0  startup_stm32f103xb.o(.text)
    USB_HP_CAN1_TX_IRQHandler                0x080001a3   Thumb Code     0  startup_stm32f103xb.o(.text)
    USB_LP_CAN1_RX0_IRQHandler               0x080001a3   Thumb Code     0  startup_stm32f103xb.o(.text)
    WWDG_IRQHandler                          0x080001a3   Thumb Code     0  startup_stm32f103xb.o(.text)
    __user_initial_stackheap                 0x080001a5   Thumb Code     0  startup_stm32f103xb.o(.text)
    __aeabi_memclr4                          0x080001c9   Thumb Code     0  rt_memclr_w.o(.text)
    __aeabi_memclr8                          0x080001c9   Thumb Code     0  rt_memclr_w.o(.text)
    __rt_memclr_w                            0x080001c9   Thumb Code    78  rt_memclr_w.o(.text)
    _memset_w                                0x080001cd   Thumb Code     0  rt_memclr_w.o(.text)
    __use_two_region_memory                  0x08000217   Thumb Code     2  heapauxi.o(.text)
    __rt_heap_escrow$2region                 0x08000219   Thumb Code     2  heapauxi.o(.text)
    __rt_heap_expand$2region                 0x0800021b   Thumb Code     2  heapauxi.o(.text)
    __user_setup_stackheap                   0x0800021d   Thumb Code    74  sys_stackheap_outer.o(.text)
    exit                                     0x08000267   Thumb Code    18  exit.o(.text)
    __user_libspace                          0x08000279   Thumb Code     8  libspace.o(.text)
    __user_perproc_libspace                  0x08000279   Thumb Code     0  libspace.o(.text)
    __user_perthread_libspace                0x08000279   Thumb Code     0  libspace.o(.text)
    _sys_exit                                0x08000281   Thumb Code     8  sys_exit.o(.text)
    __I$use$semihosting                      0x0800028d   Thumb Code     0  use_no_semi.o(.text)
    __use_no_semihosting_swi                 0x0800028d   Thumb Code     2  use_no_semi.o(.text)
    BusFault_Handler                         0x0800028f   Thumb Code     2  stm32f1xx_it.o(i.BusFault_Handler)
    __semihosting_library_function           0x0800028f   Thumb Code     0  indicate_semi.o(.text)
    Car_Backward                             0x08000291   Thumb Code    24  motor.o(i.Car_Backward)
    Car_Forward                              0x080002a9   Thumb Code    24  motor.o(i.Car_Forward)
    Car_Spin_Left                            0x080002c1   Thumb Code    24  motor.o(i.Car_Spin_Left)
    Car_Spin_Right                           0x080002d9   Thumb Code    24  motor.o(i.Car_Spin_Right)
    Car_Stop                                 0x080002f1   Thumb Code    22  motor.o(i.Car_Stop)
    Car_Turn_Left                            0x08000307   Thumb Code    24  motor.o(i.Car_Turn_Left)
    Car_Turn_Right                           0x0800031f   Thumb Code    24  motor.o(i.Car_Turn_Right)
    DebugMon_Handler                         0x08000337   Thumb Code     2  stm32f1xx_it.o(i.DebugMon_Handler)
    Error_Handler                            0x08000339   Thumb Code     4  main.o(i.Error_Handler)
    HAL_DMA_Abort                            0x0800033d   Thumb Code    70  stm32f1xx_hal_dma.o(i.HAL_DMA_Abort)
    HAL_DMA_Abort_IT                         0x08000385   Thumb Code   148  stm32f1xx_hal_dma.o(i.HAL_DMA_Abort_IT)
    HAL_Delay                                0x0800041d   Thumb Code    32  stm32f1xx_hal.o(i.HAL_Delay)
    HAL_GPIO_Init                            0x08000441   Thumb Code   446  stm32f1xx_hal_gpio.o(i.HAL_GPIO_Init)
    HAL_GPIO_ReadPin                         0x08000621   Thumb Code    10  stm32f1xx_hal_gpio.o(i.HAL_GPIO_ReadPin)
    HAL_GPIO_WritePin                        0x0800062b   Thumb Code    10  stm32f1xx_hal_gpio.o(i.HAL_GPIO_WritePin)
    HAL_GetTick                              0x08000635   Thumb Code     6  stm32f1xx_hal.o(i.HAL_GetTick)
    HAL_IncTick                              0x08000641   Thumb Code    12  stm32f1xx_hal.o(i.HAL_IncTick)
    HAL_Init                                 0x08000651   Thumb Code    32  stm32f1xx_hal.o(i.HAL_Init)
    HAL_InitTick                             0x08000675   Thumb Code    54  stm32f1xx_hal.o(i.HAL_InitTick)
    HAL_MspInit                              0x080006b5   Thumb Code    52  stm32f1xx_hal_msp.o(i.HAL_MspInit)
    HAL_NVIC_EnableIRQ                       0x080006f1   Thumb Code    26  stm32f1xx_hal_cortex.o(i.HAL_NVIC_EnableIRQ)
    HAL_NVIC_SetPriority                     0x0800070d   Thumb Code    60  stm32f1xx_hal_cortex.o(i.HAL_NVIC_SetPriority)
    HAL_NVIC_SetPriorityGrouping             0x0800074d   Thumb Code    26  stm32f1xx_hal_cortex.o(i.HAL_NVIC_SetPriorityGrouping)
    HAL_RCC_ClockConfig                      0x08000771   Thumb Code   280  stm32f1xx_hal_rcc.o(i.HAL_RCC_ClockConfig)
    HAL_RCC_GetPCLK1Freq                     0x0800089d   Thumb Code    20  stm32f1xx_hal_rcc.o(i.HAL_RCC_GetPCLK1Freq)
    HAL_RCC_GetPCLK2Freq                     0x080008bd   Thumb Code    20  stm32f1xx_hal_rcc.o(i.HAL_RCC_GetPCLK2Freq)
    HAL_RCC_GetSysClockFreq                  0x080008dd   Thumb Code    58  stm32f1xx_hal_rcc.o(i.HAL_RCC_GetSysClockFreq)
    HAL_RCC_OscConfig                        0x08000929   Thumb Code   778  stm32f1xx_hal_rcc.o(i.HAL_RCC_OscConfig)
    HAL_SYSTICK_Config                       0x08000c49   Thumb Code    40  stm32f1xx_hal_cortex.o(i.HAL_SYSTICK_Config)
    HAL_TIMEx_BreakCallback                  0x08000c71   Thumb Code     2  stm32f1xx_hal_tim_ex.o(i.HAL_TIMEx_BreakCallback)
    HAL_TIMEx_CommutCallback                 0x08000c73   Thumb Code     2  stm32f1xx_hal_tim_ex.o(i.HAL_TIMEx_CommutCallback)
    HAL_TIMEx_ConfigBreakDeadTime            0x08000c75   Thumb Code    84  stm32f1xx_hal_tim_ex.o(i.HAL_TIMEx_ConfigBreakDeadTime)
    HAL_TIMEx_MasterConfigSynchronization    0x08000cc9   Thumb Code    92  stm32f1xx_hal_tim_ex.o(i.HAL_TIMEx_MasterConfigSynchronization)
    HAL_TIM_Base_Init                        0x08000d31   Thumb Code    90  stm32f1xx_hal_tim.o(i.HAL_TIM_Base_Init)
    HAL_TIM_Base_MspInit                     0x08000d8d   Thumb Code    52  tim.o(i.HAL_TIM_Base_MspInit)
    HAL_TIM_ConfigClockSource                0x08000dcd   Thumb Code   220  stm32f1xx_hal_tim.o(i.HAL_TIM_ConfigClockSource)
    HAL_TIM_IC_CaptureCallback               0x08000ea9   Thumb Code     2  stm32f1xx_hal_tim.o(i.HAL_TIM_IC_CaptureCallback)
    HAL_TIM_IC_ConfigChannel                 0x08000eab   Thumb Code   292  stm32f1xx_hal_tim.o(i.HAL_TIM_IC_ConfigChannel)
    HAL_TIM_IC_Init                          0x08000fcf   Thumb Code    90  stm32f1xx_hal_tim.o(i.HAL_TIM_IC_Init)
    HAL_TIM_IC_MspInit                       0x08001029   Thumb Code    88  tim.o(i.HAL_TIM_IC_MspInit)
    HAL_TIM_IC_Start_IT                      0x08001089   Thumb Code   216  stm32f1xx_hal_tim.o(i.HAL_TIM_IC_Start_IT)
    HAL_TIM_IRQHandler                       0x0800116d   Thumb Code   304  stm32f1xx_hal_tim.o(i.HAL_TIM_IRQHandler)
    HAL_TIM_MspPostInit                      0x0800129d   Thumb Code   120  tim.o(i.HAL_TIM_MspPostInit)
    HAL_TIM_OC_DelayElapsedCallback          0x0800132d   Thumb Code     2  stm32f1xx_hal_tim.o(i.HAL_TIM_OC_DelayElapsedCallback)
    HAL_TIM_PWM_ConfigChannel                0x0800132f   Thumb Code   204  stm32f1xx_hal_tim.o(i.HAL_TIM_PWM_ConfigChannel)
    HAL_TIM_PWM_Init                         0x080013fb   Thumb Code    90  stm32f1xx_hal_tim.o(i.HAL_TIM_PWM_Init)
    HAL_TIM_PWM_MspInit                      0x08001455   Thumb Code     2  stm32f1xx_hal_tim.o(i.HAL_TIM_PWM_MspInit)
    HAL_TIM_PWM_PulseFinishedCallback        0x08001457   Thumb Code     2  stm32f1xx_hal_tim.o(i.HAL_TIM_PWM_PulseFinishedCallback)
    HAL_TIM_PWM_Start                        0x08001459   Thumb Code   144  stm32f1xx_hal_tim.o(i.HAL_TIM_PWM_Start)
    HAL_TIM_PeriodElapsedCallback            0x080014f5   Thumb Code     2  stm32f1xx_hal_tim.o(i.HAL_TIM_PeriodElapsedCallback)
    HAL_TIM_ReadCapturedValue                0x080014f7   Thumb Code    42  stm32f1xx_hal_tim.o(i.HAL_TIM_ReadCapturedValue)
    HAL_TIM_TriggerCallback                  0x08001521   Thumb Code     2  stm32f1xx_hal_tim.o(i.HAL_TIM_TriggerCallback)
    HAL_UARTEx_RxEventCallback               0x08001523   Thumb Code     2  stm32f1xx_hal_uart.o(i.HAL_UARTEx_RxEventCallback)
    HAL_UART_ErrorCallback                   0x08001525   Thumb Code     2  stm32f1xx_hal_uart.o(i.HAL_UART_ErrorCallback)
    HAL_UART_IRQHandler                      0x08001529   Thumb Code   616  stm32f1xx_hal_uart.o(i.HAL_UART_IRQHandler)
    HAL_UART_Init                            0x08001795   Thumb Code   100  stm32f1xx_hal_uart.o(i.HAL_UART_Init)
    HAL_UART_MspInit                         0x080017f9   Thumb Code   116  usart.o(i.HAL_UART_MspInit)
    HAL_UART_Receive_IT                      0x08001879   Thumb Code    28  stm32f1xx_hal_uart.o(i.HAL_UART_Receive_IT)
    HAL_UART_RxCpltCallback                  0x08001895   Thumb Code    36  remote.o(i.HAL_UART_RxCpltCallback)
    HAL_UART_Transmit                        0x080018c5   Thumb Code   160  stm32f1xx_hal_uart.o(i.HAL_UART_Transmit)
    HAL_UART_TxCpltCallback                  0x08001965   Thumb Code     2  stm32f1xx_hal_uart.o(i.HAL_UART_TxCpltCallback)
    Handle_Mode_Switch                       0x08001969   Thumb Code    86  main.o(i.Handle_Mode_Switch)
    HardFault_Handler                        0x080019c5   Thumb Code     2  stm32f1xx_it.o(i.HardFault_Handler)
    MX_GPIO_Init                             0x080019c9   Thumb Code   208  gpio.o(i.MX_GPIO_Init)
    MX_TIM1_Init                             0x08001aa9   Thumb Code   194  tim.o(i.MX_TIM1_Init)
    MX_TIM2_Init                             0x08001b75   Thumb Code   102  tim.o(i.MX_TIM2_Init)
    MX_TIM3_Init                             0x08001be1   Thumb Code   192  tim.o(i.MX_TIM3_Init)
    MX_USART1_UART_Init                      0x08001ca9   Thumb Code    48  usart.o(i.MX_USART1_UART_Init)
    MemManage_Handler                        0x08001ce1   Thumb Code     2  stm32f1xx_it.o(i.MemManage_Handler)
    Motor_Init                               0x08001ce5   Thumb Code    42  motor.o(i.Motor_Init)
    Motor_Left_Set                           0x08001d15   Thumb Code   140  motor.o(i.Motor_Left_Set)
    Motor_Right_Set                          0x08001da9   Thumb Code   140  motor.o(i.Motor_Right_Set)
    NMI_Handler                              0x08001e3d   Thumb Code     2  stm32f1xx_it.o(i.NMI_Handler)
    Obstacle_GetDistance                     0x08001e41   Thumb Code    94  obstacle.o(i.Obstacle_GetDistance)
    Obstacle_Init                            0x08001ead   Thumb Code    44  obstacle.o(i.Obstacle_Init)
    Obstacle_Scan                            0x08001ee1   Thumb Code    88  obstacle.o(i.Obstacle_Scan)
    Obstacle_TIM_IC_Callback                 0x08001f39   Thumb Code   158  obstacle.o(i.Obstacle_TIM_IC_Callback)
    PendSV_Handler                           0x08001fe5   Thumb Code     2  stm32f1xx_it.o(i.PendSV_Handler)
    Perform_Avoid_Mode                       0x08001fe9   Thumb Code   326  main.o(i.Perform_Avoid_Mode)
    Perform_Remote_Control                   0x0800213d   Thumb Code    60  main.o(i.Perform_Remote_Control)
    Perform_Track_Mode                       0x08002179   Thumb Code    60  main.o(i.Perform_Track_Mode)
    Remote_Get_Command                       0x080021b5   Thumb Code    16  remote.o(i.Remote_Get_Command)
    Remote_Init                              0x080021c9   Thumb Code    10  remote.o(i.Remote_Init)
    Remote_UART_RxCallback                   0x080021dd   Thumb Code   120  remote.o(i.Remote_UART_RxCallback)
    SVC_Handler                              0x08002259   Thumb Code     2  stm32f1xx_it.o(i.SVC_Handler)
    Send_Distance_Data                       0x0800225d   Thumb Code   172  main.o(i.Send_Distance_Data)
    Servo_SetAngle                           0x08002311   Thumb Code    44  obstacle.o(i.Servo_SetAngle)
    SysTick_Handler                          0x0800234d   Thumb Code     4  stm32f1xx_it.o(i.SysTick_Handler)
    SystemClock_Config                       0x08002351   Thumb Code    94  main.o(i.SystemClock_Config)
    SystemInit                               0x080023af   Thumb Code     2  system_stm32f1xx.o(i.SystemInit)
    TIM2_IRQHandler                          0x080023b1   Thumb Code    18  stm32f1xx_it.o(i.TIM2_IRQHandler)
    TIM_Base_SetConfig                       0x080023c9   Thumb Code   108  stm32f1xx_hal_tim.o(i.TIM_Base_SetConfig)
    TIM_CCxChannelCmd                        0x08002441   Thumb Code    26  stm32f1xx_hal_tim.o(i.TIM_CCxChannelCmd)
    TIM_ETR_SetConfig                        0x0800245b   Thumb Code    20  stm32f1xx_hal_tim.o(i.TIM_ETR_SetConfig)
    TIM_OC2_SetConfig                        0x080024d1   Thumb Code    84  stm32f1xx_hal_tim.o(i.TIM_OC2_SetConfig)
    TIM_TI1_SetConfig                        0x080025e9   Thumb Code    76  stm32f1xx_hal_tim.o(i.TIM_TI1_SetConfig)
    Track_Get_Status                         0x0800269d   Thumb Code   106  track.o(i.Track_Get_Status)
    UART_Start_Receive_IT                    0x080028e5   Thumb Code    54  stm32f1xx_hal_uart.o(i.UART_Start_Receive_IT)
    USART1_IRQHandler                        0x0800298d   Thumb Code     6  stm32f1xx_it.o(i.USART1_IRQHandler)
    UsageFault_Handler                       0x08002999   Thumb Code     2  stm32f1xx_it.o(i.UsageFault_Handler)
    main                                     0x080029bd   Thumb Code   100  main.o(i.main)
    __aeabi_fadd                             0x08002a85   Thumb Code     0  faddsub_clz.o(x$fpl$fadd)
    _fadd                                    0x08002a85   Thumb Code   196  faddsub_clz.o(x$fpl$fadd)
    __fpl_fcmp_Inf                           0x08002b49   Thumb Code    24  fcmpi.o(x$fpl$fcmpinf)
    __aeabi_fdiv                             0x08002b61   Thumb Code     0  fdiv.o(x$fpl$fdiv)
    _fdiv                                    0x08002b61   Thumb Code   384  fdiv.o(x$fpl$fdiv)
    __aeabi_f2iz                             0x08002ce5   Thumb Code     0  ffix.o(x$fpl$ffix)
    _ffix                                    0x08002ce5   Thumb Code    54  ffix.o(x$fpl$ffix)
    __aeabi_f2uiz                            0x08002d1d   Thumb Code     0  ffixu.o(x$fpl$ffixu)
    _ffixu                                   0x08002d1d   Thumb Code    62  ffixu.o(x$fpl$ffixu)
    __aeabi_i2f                              0x08002d5d   Thumb Code     0  fflt_clz.o(x$fpl$fflt)
    _fflt                                    0x08002d5d   Thumb Code    48  fflt_clz.o(x$fpl$fflt)
    __aeabi_ui2f                             0x08002d8d   Thumb Code     0  fflt_clz.o(x$fpl$ffltu)
    _ffltu                                   0x08002d8d   Thumb Code    38  fflt_clz.o(x$fpl$ffltu)
    __aeabi_cfcmple                          0x08002db5   Thumb Code     0  fleqf.o(x$fpl$fleqf)
    _fcmple                                  0x08002db5   Thumb Code   104  fleqf.o(x$fpl$fleqf)
    __fpl_fcmple_InfNaN                      0x08002e07   Thumb Code     0  fleqf.o(x$fpl$fleqf)
    __aeabi_fmul                             0x08002e1d   Thumb Code     0  fmul.o(x$fpl$fmul)
    _fmul                                    0x08002e1d   Thumb Code   258  fmul.o(x$fpl$fmul)
    __fpl_fnaninf                            0x08002f1f   Thumb Code   140  fnaninf.o(x$fpl$fnaninf)
    __fpl_fretinf                            0x08002fab   Thumb Code    10  fretinf.o(x$fpl$fretinf)
    __aeabi_cfrcmple                         0x08002fb5   Thumb Code     0  frleqf.o(x$fpl$frleqf)
    _frcmple                                 0x08002fb5   Thumb Code    98  frleqf.o(x$fpl$frleqf)
    __aeabi_frsub                            0x08003017   Thumb Code     0  faddsub_clz.o(x$fpl$frsb)
    _frsb                                    0x08003017   Thumb Code    20  faddsub_clz.o(x$fpl$frsb)
    __aeabi_fsub                             0x0800302d   Thumb Code     0  faddsub_clz.o(x$fpl$fsub)
    _fsub                                    0x0800302d   Thumb Code   234  faddsub_clz.o(x$fpl$fsub)
    __I$use$fp                               0x08003116   Number         0  usenofp.o(x$fpl$usenofp)
    AHBPrescTable                            0x08003128   Data          16  system_stm32f1xx.o(.constdata)
    APBPrescTable                            0x08003138   Data           8  system_stm32f1xx.o(.constdata)
    Region$$Table$$Base                      0x08003140   Number         0  anon$$obj.o(Region$$Table)
    Region$$Table$$Limit                     0x08003160   Number         0  anon$$obj.o(Region$$Table)
    g_car_mode                               0x20000000   Data           1  main.o(.data)
    g_auto_state                             0x20000001   Data           1  main.o(.data)
    g_avoid_state                            0x20000002   Data           1  main.o(.data)
    g_state_timer                            0x20000008   Data           4  main.o(.data)
    g_dist_left                              0x2000000c   Data           4  main.o(.data)
    g_dist_center                            0x20000010   Data           4  main.o(.data)
    g_dist_right                             0x20000014   Data           4  main.o(.data)
    uwTickFreq                               0x20000018   Data           1  stm32f1xx_hal.o(.data)
    uwTickPrio                               0x2000001c   Data           4  stm32f1xx_hal.o(.data)
    uwTick                                   0x20000020   Data           4  stm32f1xx_hal.o(.data)
    SystemCoreClock                          0x20000024   Data           4  system_stm32f1xx.o(.data)
    htim1                                    0x20000040   Data          72  tim.o(.bss)
    htim2                                    0x20000088   Data          72  tim.o(.bss)
    htim3                                    0x200000d0   Data          72  tim.o(.bss)
    huart1                                   0x20000118   Data          72  usart.o(.bss)
    __libspace_start                         0x20000160   Data          96  libspace.o(.bss)
    __temporary_stack_top$libspace           0x200001c0   Data           0  libspace.o(.bss)



==============================================================================

Memory Map of the image

  Image Entry point : 0x080000ed

  Load Region LR_IROM1 (Base: 0x08000000, Size: 0x000031a0, Max: 0x00010000, ABSOLUTE)

    Execution Region ER_IROM1 (Exec base: 0x08000000, Load base: 0x08000000, Size: 0x00003160, Max: 0x00010000, ABSOLUTE)

    Exec Addr    Load Addr    Size         Type   Attr      Idx    E Section Name        Object

    0x08000000   0x08000000   0x000000ec   Data   RO            3    RESET               startup_stm32f103xb.o
    0x080000ec   0x080000ec   0x00000008   Code   RO         3129  * !!!main             c_w.l(__main.o)
    0x080000f4   0x080000f4   0x00000034   Code   RO         3332    !!!scatter          c_w.l(__scatter.o)
    0x08000128   0x08000128   0x0000001a   Code   RO         3334    !!handler_copy      c_w.l(__scatter_copy.o)
    0x08000142   0x08000142   0x00000002   PAD
    0x08000144   0x08000144   0x0000001c   Code   RO         3336    !!handler_zi        c_w.l(__scatter_zi.o)
    0x08000160   0x08000160   0x00000002   Code   RO         3202    .ARM.Collect$$libinit$$00000000  c_w.l(libinit.o)
    0x08000162   0x08000162   0x00000000   Code   RO         3209    .ARM.Collect$$libinit$$00000002  c_w.l(libinit2.o)
    0x08000162   0x08000162   0x00000000   Code   RO         3211    .ARM.Collect$$libinit$$00000004  c_w.l(libinit2.o)
    0x08000162   0x08000162   0x00000000   Code   RO         3214    .ARM.Collect$$libinit$$0000000A  c_w.l(libinit2.o)
    0x08000162   0x08000162   0x00000000   Code   RO         3216    .ARM.Collect$$libinit$$0000000C  c_w.l(libinit2.o)
    0x08000162   0x08000162   0x00000000   Code   RO         3218    .ARM.Collect$$libinit$$0000000E  c_w.l(libinit2.o)
    0x08000162   0x08000162   0x00000000   Code   RO         3221    .ARM.Collect$$libinit$$00000011  c_w.l(libinit2.o)
    0x08000162   0x08000162   0x00000000   Code   RO         3223    .ARM.Collect$$libinit$$00000013  c_w.l(libinit2.o)
    0x08000162   0x08000162   0x00000000   Code   RO         3225    .ARM.Collect$$libinit$$00000015  c_w.l(libinit2.o)
    0x08000162   0x08000162   0x00000000   Code   RO         3227    .ARM.Collect$$libinit$$00000017  c_w.l(libinit2.o)
    0x08000162   0x08000162   0x00000000   Code   RO         3229    .ARM.Collect$$libinit$$00000019  c_w.l(libinit2.o)
    0x08000162   0x08000162   0x00000000   Code   RO         3231    .ARM.Collect$$libinit$$0000001B  c_w.l(libinit2.o)
    0x08000162   0x08000162   0x00000000   Code   RO         3233    .ARM.Collect$$libinit$$0000001D  c_w.l(libinit2.o)
    0x08000162   0x08000162   0x00000000   Code   RO         3235    .ARM.Collect$$libinit$$0000001F  c_w.l(libinit2.o)
    0x08000162   0x08000162   0x00000000   Code   RO         3237    .ARM.Collect$$libinit$$00000021  c_w.l(libinit2.o)
    0x08000162   0x08000162   0x00000000   Code   RO         3239    .ARM.Collect$$libinit$$00000023  c_w.l(libinit2.o)
    0x08000162   0x08000162   0x00000000   Code   RO         3241    .ARM.Collect$$libinit$$00000025  c_w.l(libinit2.o)
    0x08000162   0x08000162   0x00000000   Code   RO         3245    .ARM.Collect$$libinit$$0000002C  c_w.l(libinit2.o)
    0x08000162   0x08000162   0x00000000   Code   RO         3247    .ARM.Collect$$libinit$$0000002E  c_w.l(libinit2.o)
    0x08000162   0x08000162   0x00000000   Code   RO         3249    .ARM.Collect$$libinit$$00000030  c_w.l(libinit2.o)
    0x08000162   0x08000162   0x00000000   Code   RO         3251    .ARM.Collect$$libinit$$00000032  c_w.l(libinit2.o)
    0x08000162   0x08000162   0x00000002   Code   RO         3252    .ARM.Collect$$libinit$$00000033  c_w.l(libinit2.o)
    0x08000164   0x08000164   0x00000002   Code   RO         3272    .ARM.Collect$$libshutdown$$00000000  c_w.l(libshutdown.o)
    0x08000166   0x08000166   0x00000000   Code   RO         3285    .ARM.Collect$$libshutdown$$00000002  c_w.l(libshutdown2.o)
    0x08000166   0x08000166   0x00000000   Code   RO         3287    .ARM.Collect$$libshutdown$$00000004  c_w.l(libshutdown2.o)
    0x08000166   0x08000166   0x00000000   Code   RO         3290    .ARM.Collect$$libshutdown$$00000007  c_w.l(libshutdown2.o)
    0x08000166   0x08000166   0x00000000   Code   RO         3293    .ARM.Collect$$libshutdown$$0000000A  c_w.l(libshutdown2.o)
    0x08000166   0x08000166   0x00000000   Code   RO         3295    .ARM.Collect$$libshutdown$$0000000C  c_w.l(libshutdown2.o)
    0x08000166   0x08000166   0x00000000   Code   RO         3298    .ARM.Collect$$libshutdown$$0000000F  c_w.l(libshutdown2.o)
    0x08000166   0x08000166   0x00000002   Code   RO         3299    .ARM.Collect$$libshutdown$$00000010  c_w.l(libshutdown2.o)
    0x08000168   0x08000168   0x00000000   Code   RO         3159    .ARM.Collect$$rtentry$$00000000  c_w.l(__rtentry.o)
    0x08000168   0x08000168   0x00000000   Code   RO         3175    .ARM.Collect$$rtentry$$00000002  c_w.l(__rtentry2.o)
    0x08000168   0x08000168   0x00000006   Code   RO         3187    .ARM.Collect$$rtentry$$00000004  c_w.l(__rtentry4.o)
    0x0800016e   0x0800016e   0x00000000   Code   RO         3177    .ARM.Collect$$rtentry$$00000009  c_w.l(__rtentry2.o)
    0x0800016e   0x0800016e   0x00000004   Code   RO         3178    .ARM.Collect$$rtentry$$0000000A  c_w.l(__rtentry2.o)
    0x08000172   0x08000172   0x00000000   Code   RO         3180    .ARM.Collect$$rtentry$$0000000C  c_w.l(__rtentry2.o)
    0x08000172   0x08000172   0x00000008   Code   RO         3181    .ARM.Collect$$rtentry$$0000000D  c_w.l(__rtentry2.o)
    0x0800017a   0x0800017a   0x00000002   Code   RO         3206    .ARM.Collect$$rtexit$$00000000  c_w.l(rtexit.o)
    0x0800017c   0x0800017c   0x00000000   Code   RO         3254    .ARM.Collect$$rtexit$$00000002  c_w.l(rtexit2.o)
    0x0800017c   0x0800017c   0x00000004   Code   RO         3255    .ARM.Collect$$rtexit$$00000003  c_w.l(rtexit2.o)
    0x08000180   0x08000180   0x00000006   Code   RO         3256    .ARM.Collect$$rtexit$$00000004  c_w.l(rtexit2.o)
    0x08000186   0x08000186   0x00000002   PAD
    0x08000188   0x08000188   0x00000040   Code   RO            4    .text               startup_stm32f103xb.o
    0x080001c8   0x080001c8   0x0000004e   Code   RO         3125    .text               c_w.l(rt_memclr_w.o)
    0x08000216   0x08000216   0x00000006   Code   RO         3127    .text               c_w.l(heapauxi.o)
    0x0800021c   0x0800021c   0x0000004a   Code   RO         3193    .text               c_w.l(sys_stackheap_outer.o)
    0x08000266   0x08000266   0x00000012   Code   RO         3195    .text               c_w.l(exit.o)
    0x08000278   0x08000278   0x00000008   Code   RO         3203    .text               c_w.l(libspace.o)
    0x08000280   0x08000280   0x0000000c   Code   RO         3264    .text               c_w.l(sys_exit.o)
    0x0800028c   0x0800028c   0x00000002   Code   RO         3275    .text               c_w.l(use_no_semi.o)
    0x0800028e   0x0800028e   0x00000000   Code   RO         3277    .text               c_w.l(indicate_semi.o)
    0x0800028e   0x0800028e   0x00000002   Code   RO          341    i.BusFault_Handler  stm32f1xx_it.o
    0x08000290   0x08000290   0x00000018   Code   RO         2840    i.Car_Backward      motor.o
    0x080002a8   0x080002a8   0x00000018   Code   RO         2841    i.Car_Forward       motor.o
    0x080002c0   0x080002c0   0x00000018   Code   RO         2842    i.Car_Spin_Left     motor.o
    0x080002d8   0x080002d8   0x00000018   Code   RO         2843    i.Car_Spin_Right    motor.o
    0x080002f0   0x080002f0   0x00000016   Code   RO         2844    i.Car_Stop          motor.o
    0x08000306   0x08000306   0x00000018   Code   RO         2845    i.Car_Turn_Left     motor.o
    0x0800031e   0x0800031e   0x00000018   Code   RO         2846    i.Car_Turn_Right    motor.o
    0x08000336   0x08000336   0x00000002   Code   RO          342    i.DebugMon_Handler  stm32f1xx_it.o
    0x08000338   0x08000338   0x00000004   Code   RO           13    i.Error_Handler     main.o
    0x0800033c   0x0800033c   0x00000046   Code   RO         1843    i.HAL_DMA_Abort     stm32f1xx_hal_dma.o
    0x08000382   0x08000382   0x00000002   PAD
    0x08000384   0x08000384   0x00000098   Code   RO         1844    i.HAL_DMA_Abort_IT  stm32f1xx_hal_dma.o
    0x0800041c   0x0800041c   0x00000024   Code   RO         1469    i.HAL_Delay         stm32f1xx_hal.o
    0x08000440   0x08000440   0x000001e0   Code   RO         1779    i.HAL_GPIO_Init     stm32f1xx_hal_gpio.o
    0x08000620   0x08000620   0x0000000a   Code   RO         1781    i.HAL_GPIO_ReadPin  stm32f1xx_hal_gpio.o
    0x0800062a   0x0800062a   0x0000000a   Code   RO         1783    i.HAL_GPIO_WritePin  stm32f1xx_hal_gpio.o
    0x08000634   0x08000634   0x0000000c   Code   RO         1473    i.HAL_GetTick       stm32f1xx_hal.o
    0x08000640   0x08000640   0x00000010   Code   RO         1479    i.HAL_IncTick       stm32f1xx_hal.o
    0x08000650   0x08000650   0x00000024   Code   RO         1480    i.HAL_Init          stm32f1xx_hal.o
    0x08000674   0x08000674   0x00000040   Code   RO         1481    i.HAL_InitTick      stm32f1xx_hal.o
    0x080006b4   0x080006b4   0x0000003c   Code   RO          429    i.HAL_MspInit       stm32f1xx_hal_msp.o
    0x080006f0   0x080006f0   0x0000001a   Code   RO         1939    i.HAL_NVIC_EnableIRQ  stm32f1xx_hal_cortex.o
    0x0800070a   0x0800070a   0x00000002   PAD
    0x0800070c   0x0800070c   0x00000040   Code   RO         1945    i.HAL_NVIC_SetPriority  stm32f1xx_hal_cortex.o
    0x0800074c   0x0800074c   0x00000024   Code   RO         1946    i.HAL_NVIC_SetPriorityGrouping  stm32f1xx_hal_cortex.o
    0x08000770   0x08000770   0x0000012c   Code   RO         1637    i.HAL_RCC_ClockConfig  stm32f1xx_hal_rcc.o
    0x0800089c   0x0800089c   0x00000020   Code   RO         1644    i.HAL_RCC_GetPCLK1Freq  stm32f1xx_hal_rcc.o
    0x080008bc   0x080008bc   0x00000020   Code   RO         1645    i.HAL_RCC_GetPCLK2Freq  stm32f1xx_hal_rcc.o
    0x080008dc   0x080008dc   0x0000004c   Code   RO         1646    i.HAL_RCC_GetSysClockFreq  stm32f1xx_hal_rcc.o
    0x08000928   0x08000928   0x00000320   Code   RO         1649    i.HAL_RCC_OscConfig  stm32f1xx_hal_rcc.o
    0x08000c48   0x08000c48   0x00000028   Code   RO         1950    i.HAL_SYSTICK_Config  stm32f1xx_hal_cortex.o
    0x08000c70   0x08000c70   0x00000002   Code   RO         1195    i.HAL_TIMEx_BreakCallback  stm32f1xx_hal_tim_ex.o
    0x08000c72   0x08000c72   0x00000002   Code   RO         1196    i.HAL_TIMEx_CommutCallback  stm32f1xx_hal_tim_ex.o
    0x08000c74   0x08000c74   0x00000054   Code   RO         1198    i.HAL_TIMEx_ConfigBreakDeadTime  stm32f1xx_hal_tim_ex.o
    0x08000cc8   0x08000cc8   0x00000068   Code   RO         1214    i.HAL_TIMEx_MasterConfigSynchronization  stm32f1xx_hal_tim_ex.o
    0x08000d30   0x08000d30   0x0000005a   Code   RO          491    i.HAL_TIM_Base_Init  stm32f1xx_hal_tim.o
    0x08000d8a   0x08000d8a   0x00000002   PAD
    0x08000d8c   0x08000d8c   0x00000040   Code   RO          228    i.HAL_TIM_Base_MspInit  tim.o
    0x08000dcc   0x08000dcc   0x000000dc   Code   RO          500    i.HAL_TIM_ConfigClockSource  stm32f1xx_hal_tim.o
    0x08000ea8   0x08000ea8   0x00000002   Code   RO          525    i.HAL_TIM_IC_CaptureCallback  stm32f1xx_hal_tim.o
    0x08000eaa   0x08000eaa   0x00000124   Code   RO          527    i.HAL_TIM_IC_ConfigChannel  stm32f1xx_hal_tim.o
    0x08000fce   0x08000fce   0x0000005a   Code   RO          530    i.HAL_TIM_IC_Init   stm32f1xx_hal_tim.o
    0x08001028   0x08001028   0x00000060   Code   RO          230    i.HAL_TIM_IC_MspInit  tim.o
    0x08001088   0x08001088   0x000000e4   Code   RO          535    i.HAL_TIM_IC_Start_IT  stm32f1xx_hal_tim.o
    0x0800116c   0x0800116c   0x00000130   Code   RO          539    i.HAL_TIM_IRQHandler  stm32f1xx_hal_tim.o
    0x0800129c   0x0800129c   0x00000090   Code   RO          231    i.HAL_TIM_MspPostInit  tim.o
    0x0800132c   0x0800132c   0x00000002   Code   RO          542    i.HAL_TIM_OC_DelayElapsedCallback  stm32f1xx_hal_tim.o
    0x0800132e   0x0800132e   0x000000cc   Code   RO          563    i.HAL_TIM_PWM_ConfigChannel  stm32f1xx_hal_tim.o
    0x080013fa   0x080013fa   0x0000005a   Code   RO          566    i.HAL_TIM_PWM_Init  stm32f1xx_hal_tim.o
    0x08001454   0x08001454   0x00000002   Code   RO          568    i.HAL_TIM_PWM_MspInit  stm32f1xx_hal_tim.o
    0x08001456   0x08001456   0x00000002   Code   RO          569    i.HAL_TIM_PWM_PulseFinishedCallback  stm32f1xx_hal_tim.o
    0x08001458   0x08001458   0x0000009c   Code   RO          571    i.HAL_TIM_PWM_Start  stm32f1xx_hal_tim.o
    0x080014f4   0x080014f4   0x00000002   Code   RO          577    i.HAL_TIM_PeriodElapsedCallback  stm32f1xx_hal_tim.o
    0x080014f6   0x080014f6   0x0000002a   Code   RO          579    i.HAL_TIM_ReadCapturedValue  stm32f1xx_hal_tim.o
    0x08001520   0x08001520   0x00000002   Code   RO          582    i.HAL_TIM_TriggerCallback  stm32f1xx_hal_tim.o
    0x08001522   0x08001522   0x00000002   Code   RO         2451    i.HAL_UARTEx_RxEventCallback  stm32f1xx_hal_uart.o
    0x08001524   0x08001524   0x00000002   Code   RO         2465    i.HAL_UART_ErrorCallback  stm32f1xx_hal_uart.o
    0x08001526   0x08001526   0x00000002   PAD
    0x08001528   0x08001528   0x0000026c   Code   RO         2468    i.HAL_UART_IRQHandler  stm32f1xx_hal_uart.o
    0x08001794   0x08001794   0x00000064   Code   RO         2469    i.HAL_UART_Init     stm32f1xx_hal_uart.o
    0x080017f8   0x080017f8   0x00000080   Code   RO          300    i.HAL_UART_MspInit  usart.o
    0x08001878   0x08001878   0x0000001c   Code   RO         2474    i.HAL_UART_Receive_IT  stm32f1xx_hal_uart.o
    0x08001894   0x08001894   0x00000030   Code   RO         2979    i.HAL_UART_RxCpltCallback  remote.o
    0x080018c4   0x080018c4   0x000000a0   Code   RO         2477    i.HAL_UART_Transmit  stm32f1xx_hal_uart.o
    0x08001964   0x08001964   0x00000002   Code   RO         2480    i.HAL_UART_TxCpltCallback  stm32f1xx_hal_uart.o
    0x08001966   0x08001966   0x00000002   PAD
    0x08001968   0x08001968   0x0000005c   Code   RO           14    i.Handle_Mode_Switch  main.o
    0x080019c4   0x080019c4   0x00000002   Code   RO          343    i.HardFault_Handler  stm32f1xx_it.o
    0x080019c6   0x080019c6   0x00000002   PAD
    0x080019c8   0x080019c8   0x000000e0   Code   RO          203    i.MX_GPIO_Init      gpio.o
    0x08001aa8   0x08001aa8   0x000000cc   Code   RO          232    i.MX_TIM1_Init      tim.o
    0x08001b74   0x08001b74   0x0000006c   Code   RO          233    i.MX_TIM2_Init      tim.o
    0x08001be0   0x08001be0   0x000000c8   Code   RO          234    i.MX_TIM3_Init      tim.o
    0x08001ca8   0x08001ca8   0x00000038   Code   RO          301    i.MX_USART1_UART_Init  usart.o
    0x08001ce0   0x08001ce0   0x00000002   Code   RO          344    i.MemManage_Handler  stm32f1xx_it.o
    0x08001ce2   0x08001ce2   0x00000002   PAD
    0x08001ce4   0x08001ce4   0x00000030   Code   RO         2847    i.Motor_Init        motor.o
    0x08001d14   0x08001d14   0x00000094   Code   RO         2848    i.Motor_Left_Set    motor.o
    0x08001da8   0x08001da8   0x00000094   Code   RO         2849    i.Motor_Right_Set   motor.o
    0x08001e3c   0x08001e3c   0x00000002   Code   RO          345    i.NMI_Handler       stm32f1xx_it.o
    0x08001e3e   0x08001e3e   0x00000002   PAD
    0x08001e40   0x08001e40   0x0000006c   Code   RO         2921    i.Obstacle_GetDistance  obstacle.o
    0x08001eac   0x08001eac   0x00000034   Code   RO         2922    i.Obstacle_Init     obstacle.o
    0x08001ee0   0x08001ee0   0x00000058   Code   RO         2923    i.Obstacle_Scan     obstacle.o
    0x08001f38   0x08001f38   0x000000ac   Code   RO         2924    i.Obstacle_TIM_IC_Callback  obstacle.o
    0x08001fe4   0x08001fe4   0x00000002   Code   RO          346    i.PendSV_Handler    stm32f1xx_it.o
    0x08001fe6   0x08001fe6   0x00000002   PAD
    0x08001fe8   0x08001fe8   0x00000154   Code   RO           15    i.Perform_Avoid_Mode  main.o
    0x0800213c   0x0800213c   0x0000003c   Code   RO           16    i.Perform_Remote_Control  main.o
    0x08002178   0x08002178   0x0000003c   Code   RO           17    i.Perform_Track_Mode  main.o
    0x080021b4   0x080021b4   0x00000014   Code   RO         2980    i.Remote_Get_Command  remote.o
    0x080021c8   0x080021c8   0x00000014   Code   RO         2981    i.Remote_Init       remote.o
    0x080021dc   0x080021dc   0x0000007c   Code   RO         2982    i.Remote_UART_RxCallback  remote.o
    0x08002258   0x08002258   0x00000002   Code   RO          347    i.SVC_Handler       stm32f1xx_it.o
    0x0800225a   0x0800225a   0x00000002   PAD
    0x0800225c   0x0800225c   0x000000b4   Code   RO           18    i.Send_Distance_Data  main.o
    0x08002310   0x08002310   0x0000003c   Code   RO         2925    i.Servo_SetAngle    obstacle.o
    0x0800234c   0x0800234c   0x00000004   Code   RO          348    i.SysTick_Handler   stm32f1xx_it.o
    0x08002350   0x08002350   0x0000005e   Code   RO           19    i.SystemClock_Config  main.o
    0x080023ae   0x080023ae   0x00000002   Code   RO         2803    i.SystemInit        system_stm32f1xx.o
    0x080023b0   0x080023b0   0x00000018   Code   RO          349    i.TIM2_IRQHandler   stm32f1xx_it.o
    0x080023c8   0x080023c8   0x00000078   Code   RO          584    i.TIM_Base_SetConfig  stm32f1xx_hal_tim.o
    0x08002440   0x08002440   0x0000001a   Code   RO          585    i.TIM_CCxChannelCmd  stm32f1xx_hal_tim.o
    0x0800245a   0x0800245a   0x00000014   Code   RO          595    i.TIM_ETR_SetConfig  stm32f1xx_hal_tim.o
    0x0800246e   0x0800246e   0x00000010   Code   RO          596    i.TIM_ITRx_SetConfig  stm32f1xx_hal_tim.o
    0x0800247e   0x0800247e   0x00000002   PAD
    0x08002480   0x08002480   0x00000050   Code   RO          597    i.TIM_OC1_SetConfig  stm32f1xx_hal_tim.o
    0x080024d0   0x080024d0   0x00000058   Code   RO          598    i.TIM_OC2_SetConfig  stm32f1xx_hal_tim.o
    0x08002528   0x08002528   0x00000058   Code   RO          599    i.TIM_OC3_SetConfig  stm32f1xx_hal_tim.o
    0x08002580   0x08002580   0x00000044   Code   RO          600    i.TIM_OC4_SetConfig  stm32f1xx_hal_tim.o
    0x080025c4   0x080025c4   0x00000022   Code   RO          602    i.TIM_TI1_ConfigInputStage  stm32f1xx_hal_tim.o
    0x080025e6   0x080025e6   0x00000002   PAD
    0x080025e8   0x080025e8   0x00000058   Code   RO          603    i.TIM_TI1_SetConfig  stm32f1xx_hal_tim.o
    0x08002640   0x08002640   0x00000024   Code   RO          604    i.TIM_TI2_ConfigInputStage  stm32f1xx_hal_tim.o
    0x08002664   0x08002664   0x00000036   Code   RO          605    i.TIM_TI2_SetConfig  stm32f1xx_hal_tim.o
    0x0800269a   0x0800269a   0x00000002   PAD
    0x0800269c   0x0800269c   0x00000070   Code   RO         3026    i.Track_Get_Status  track.o
    0x0800270c   0x0800270c   0x00000010   Code   RO         2482    i.UART_DMAAbortOnError  stm32f1xx_hal_uart.o
    0x0800271c   0x0800271c   0x0000004e   Code   RO         2492    i.UART_EndRxTransfer  stm32f1xx_hal_uart.o
    0x0800276a   0x0800276a   0x000000c2   Code   RO         2494    i.UART_Receive_IT   stm32f1xx_hal_uart.o
    0x0800282c   0x0800282c   0x000000b8   Code   RO         2495    i.UART_SetConfig    stm32f1xx_hal_uart.o
    0x080028e4   0x080028e4   0x00000036   Code   RO         2497    i.UART_Start_Receive_IT  stm32f1xx_hal_uart.o
    0x0800291a   0x0800291a   0x00000072   Code   RO         2498    i.UART_WaitOnFlagUntilTimeout  stm32f1xx_hal_uart.o
    0x0800298c   0x0800298c   0x0000000c   Code   RO          350    i.USART1_IRQHandler  stm32f1xx_it.o
    0x08002998   0x08002998   0x00000002   Code   RO          351    i.UsageFault_Handler  stm32f1xx_it.o
    0x0800299a   0x0800299a   0x00000020   Code   RO         1952    i.__NVIC_SetPriority  stm32f1xx_hal_cortex.o
    0x080029ba   0x080029ba   0x00000002   PAD
    0x080029bc   0x080029bc   0x00000068   Code   RO           20    i.main              main.o
    0x08002a24   0x08002a24   0x00000060   Code   RO         2926    i.ultrasonic_start  obstacle.o
    0x08002a84   0x08002a84   0x000000c4   Code   RO         3131    x$fpl$fadd          fz_ws.l(faddsub_clz.o)
    0x08002b48   0x08002b48   0x00000018   Code   RO         3191    x$fpl$fcmpinf       fz_ws.l(fcmpi.o)
    0x08002b60   0x08002b60   0x00000184   Code   RO         3138    x$fpl$fdiv          fz_ws.l(fdiv.o)
    0x08002ce4   0x08002ce4   0x00000036   Code   RO         3141    x$fpl$ffix          fz_ws.l(ffix.o)
    0x08002d1a   0x08002d1a   0x00000002   PAD
    0x08002d1c   0x08002d1c   0x0000003e   Code   RO         3145    x$fpl$ffixu         fz_ws.l(ffixu.o)
    0x08002d5a   0x08002d5a   0x00000002   PAD
    0x08002d5c   0x08002d5c   0x00000030   Code   RO         3150    x$fpl$fflt          fz_ws.l(fflt_clz.o)
    0x08002d8c   0x08002d8c   0x00000026   Code   RO         3149    x$fpl$ffltu         fz_ws.l(fflt_clz.o)
    0x08002db2   0x08002db2   0x00000002   PAD
    0x08002db4   0x08002db4   0x00000068   Code   RO         3167    x$fpl$fleqf         fz_ws.l(fleqf.o)
    0x08002e1c   0x08002e1c   0x00000102   Code   RO         3155    x$fpl$fmul          fz_ws.l(fmul.o)
    0x08002f1e   0x08002f1e   0x0000008c   Code   RO         3169    x$fpl$fnaninf       fz_ws.l(fnaninf.o)
    0x08002faa   0x08002faa   0x0000000a   Code   RO         3171    x$fpl$fretinf       fz_ws.l(fretinf.o)
    0x08002fb4   0x08002fb4   0x00000062   Code   RO         3157    x$fpl$frleqf        fz_ws.l(frleqf.o)
    0x08003016   0x08003016   0x00000014   Code   RO         3132    x$fpl$frsb          fz_ws.l(faddsub_clz.o)
    0x0800302a   0x0800302a   0x00000002   PAD
    0x0800302c   0x0800302c   0x000000ea   Code   RO         3133    x$fpl$fsub          fz_ws.l(faddsub_clz.o)
    0x08003116   0x08003116   0x00000000   Code   RO         3173    x$fpl$usenofp       fz_ws.l(usenofp.o)
    0x08003116   0x08003116   0x00000012   Data   RO         1650    .constdata          stm32f1xx_hal_rcc.o
    0x08003128   0x08003128   0x00000010   Data   RO         2804    .constdata          system_stm32f1xx.o
    0x08003138   0x08003138   0x00000008   Data   RO         2805    .constdata          system_stm32f1xx.o
    0x08003140   0x08003140   0x00000020   Data   RO         3330    Region$$Table       anon$$obj.o


    Execution Region RW_IRAM1 (Exec base: 0x20000000, Load base: 0x08003160, Size: 0x000007c0, Max: 0x00005000, ABSOLUTE)

    Exec Addr    Load Addr    Size         Type   Attr      Idx    E Section Name        Object

    0x20000000   0x08003160   0x00000018   Data   RW           21    .data               main.o
    0x20000018   0x08003178   0x0000000c   Data   RW         1487    .data               stm32f1xx_hal.o
    0x20000024   0x08003184   0x00000004   Data   RW         2806    .data               system_stm32f1xx.o
    0x20000028   0x08003188   0x00000014   Data   RW         2927    .data               obstacle.o
    0x2000003c   0x0800319c   0x00000002   Data   RW         2983    .data               remote.o
    0x2000003e   0x0800319e   0x00000002   PAD
    0x20000040        -       0x000000d8   Zero   RW          235    .bss                tim.o
    0x20000118        -       0x00000048   Zero   RW          302    .bss                usart.o
    0x20000160        -       0x00000060   Zero   RW         3204    .bss                c_w.l(libspace.o)
    0x200001c0        -       0x00000200   Zero   RW            2    HEAP                startup_stm32f103xb.o
    0x200003c0        -       0x00000400   Zero   RW            1    STACK               startup_stm32f103xb.o


==============================================================================

Image component sizes


      Code (inc. data)   RO Data    RW Data    ZI Data      Debug   Object Name

       224         16          0          0          0        971   gpio.o
       934         48          0         24          0     433086   main.o
       510         22          0          0          0       5830   motor.o
       576         64          0         20          0       4403   obstacle.o
       212         30          0          2          0       2970   remote.o
        64         26        236          0       1536        800   startup_stm32f103xb.o
       164         28          0         12          0       5813   stm32f1xx_hal.o
       198         14          0          0          0      28875   stm32f1xx_hal_cortex.o
       222          4          0          0          0       1735   stm32f1xx_hal_dma.o
       500         34          0          0          0       3471   stm32f1xx_hal_gpio.o
        60          8          0          0          0        854   stm32f1xx_hal_msp.o
      1240         84         18          0          0       5044   stm32f1xx_hal_rcc.o
      2446         68          0          0          0      20737   stm32f1xx_hal_tim.o
       192         12          0          0          0       3133   stm32f1xx_hal_tim_ex.o
      1554         10          0          0          0      10808   stm32f1xx_hal_uart.o
        56         12          0          0          0       4656   stm32f1xx_it.o
         2          0         24          4          0       1083   system_stm32f1xx.o
       816         68          0          0        216       4439   tim.o
       112          6          0          0          0       1219   track.o
       184         20          0          0         72       1638   usart.o

    ----------------------------------------------------------------------
     10294        574        310         64       1824     541565   Object Totals
         0          0         32          0          0          0   (incl. Generated)
        28          0          0          2          0          0   (incl. Padding)

    ----------------------------------------------------------------------

      Code (inc. data)   RO Data    RW Data    ZI Data      Debug   Library Member Name

         8          0          0          0          0         68   __main.o
         0          0          0          0          0          0   __rtentry.o
        12          0          0          0          0          0   __rtentry2.o
         6          0          0          0          0          0   __rtentry4.o
        52          8          0          0          0          0   __scatter.o
        26          0          0          0          0          0   __scatter_copy.o
        28          0          0          0          0          0   __scatter_zi.o
        18          0          0          0          0         80   exit.o
         6          0          0          0          0        152   heapauxi.o
         0          0          0          0          0          0   indicate_semi.o
         2          0          0          0          0          0   libinit.o
         2          0          0          0          0          0   libinit2.o
         2          0          0          0          0          0   libshutdown.o
         2          0          0          0          0          0   libshutdown2.o
         8          4          0          0         96         68   libspace.o
        78          0          0          0          0         80   rt_memclr_w.o
         2          0          0          0          0          0   rtexit.o
        10          0          0          0          0          0   rtexit2.o
        12          4          0          0          0         68   sys_exit.o
        74          0          0          0          0         80   sys_stackheap_outer.o
         2          0          0          0          0         68   use_no_semi.o
       450          8          0          0          0        236   faddsub_clz.o
        24          0          0          0          0         68   fcmpi.o
       388         76          0          0          0         96   fdiv.o
        54          4          0          0          0         84   ffix.o
        62          4          0          0          0         84   ffixu.o
        86          0          0          0          0        136   fflt_clz.o
       104          4          0          0          0         84   fleqf.o
       258          4          0          0          0         84   fmul.o
       140          4          0          0          0         84   fnaninf.o
        10          0          0          0          0         68   fretinf.o
        98          0          0          0          0         68   frleqf.o
         0          0          0          0          0          0   usenofp.o

    ----------------------------------------------------------------------
      2036        120          0          0         96       1756   Library Totals
        12          0          0          0          0          0   (incl. Padding)

    ----------------------------------------------------------------------

      Code (inc. data)   RO Data    RW Data    ZI Data      Debug   Library Name

       350         16          0          0         96        664   c_w.l
      1674        104          0          0          0       1092   fz_ws.l

    ----------------------------------------------------------------------
      2036        120          0          0         96       1756   Library Totals

    ----------------------------------------------------------------------

==============================================================================


      Code (inc. data)   RO Data    RW Data    ZI Data      Debug   

     12330        694        310         64       1920     536609   Grand Totals
     12330        694        310         64       1920     536609   ELF Image Totals
     12330        694        310         64          0          0   ROM Totals

==============================================================================

    Total RO  Size (Code + RO Data)                12640 (  12.34kB)
    Total RW  Size (RW Data + ZI Data)              1984 (   1.94kB)
    Total ROM Size (Code + RO Data + RW Data)      12704 (  12.41kB)

==============================================================================

