<html>
<body>
<pre>
<h1>µVision Build Log</h1>
<h2>Tool Versions:</h2>
IDE-Version: ¦ÌVision V5.24.2.0
Copyright (C) 2017 ARM Ltd and ARM Germany GmbH. All rights reserved.
License Information: 11 Microsoft, Microsoft, LIC=RC93N-YD9TJ-EV51R-K96QL-HZEPL-VYWC3
 
Tool Versions:
Toolchain:       MDK-ARM Plus  Version: 5.24.1
Toolchain Path:  D:\keil5\ARM\ARMCC\Bin
C Compiler:      Armcc.exe V5.06 update 5 (build 528)
Assembler:       Armasm.exe V5.06 update 5 (build 528)
Linker/Locator:  ArmLink.exe V5.06 update 5 (build 528)
Library Manager: ArmAr.exe V5.06 update 5 (build 528)
Hex Converter:   FromElf.exe V5.06 update 5 (build 528)
CPU DLL:         SARMCM3.DLL V5.24.1
Dialog DLL:      DCM.DLL V1.16.0.0
Target DLL:      STLink\ST-LINKIII-KEIL_SWO.dll V3.0.1.0
Dialog DLL:      TCM.DLL V1.32.0.0
 
<h2>Project:</h2>
D:\Desktop\Intelligent car\final_project\MDK-ARM\final_project.uvprojx
Project File Date:  07/20/2025

<h2>Output:</h2>
*** Using Compiler 'V5.06 update 5 (build 528)', folder: 'D:\keil5\ARM\ARMCC\Bin'
Rebuild target 'final_project'
assembling startup_stm32f103xb.s...
compiling gpio.c...
compiling stm32f1xx_hal_msp.c...
compiling stm32f1xx_it.c...
../Core/Src/stm32f1xx_it.c(207): warning:  #223-D: function "Obstacle_TIM_IC_Callback" declared implicitly
    Obstacle_TIM_IC_Callback(&htim2);
../Core/Src/stm32f1xx_it.c: 1 warning, 0 errors
compiling stm32f1xx_hal_gpio_ex.c...
compiling tim.c...
compiling usart.c...
compiling main.c...
../../../BSP/motor.h(31): warning:  #1-D: last line of file ends without a newline
  #endif /* __MOTOR_H */
../../../BSP/obstacle.h(40): warning:  #1-D: last line of file ends without a newline
  #endif /* __OBSTACLE_H */
../../../BSP/track.h(19): warning:  #1-D: last line of file ends without a newline
  #endif /* __TRACK_H */
../../../BSP/remote.h(16): warning:  #1-D: last line of file ends without a newline
  #endif /* __REMOTE_H */
../Core/Src/main.c: 4 warnings, 0 errors
compiling stm32f1xx_hal.c...
compiling stm32f1xx_hal_tim_ex.c...
compiling stm32f1xx_hal_rcc.c...
compiling stm32f1xx_hal_tim.c...
compiling stm32f1xx_hal_rcc_ex.c...
compiling stm32f1xx_hal_gpio.c...
compiling stm32f1xx_hal_cortex.c...
compiling stm32f1xx_hal_pwr.c...
compiling stm32f1xx_hal_dma.c...
compiling stm32f1xx_hal_flash.c...
compiling stm32f1xx_hal_exti.c...
compiling stm32f1xx_hal_flash_ex.c...
compiling system_stm32f1xx.c...
compiling stm32f1xx_hal_uart.c...
compiling motor.c...
..\..\..\BSP\motor.h(31): warning:  #1-D: last line of file ends without a newline
  #endif /* __MOTOR_H */
..\..\..\BSP\motor.c(133): warning:  #1-D: last line of file ends without a newline
  }
..\..\..\BSP\motor.c: 2 warnings, 0 errors
compiling obstacle.c...
..\..\..\BSP\obstacle.h(40): warning:  #1-D: last line of file ends without a newline
  #endif /* __OBSTACLE_H */
..\..\..\BSP\obstacle.c(147): warning:  #1-D: last line of file ends without a newline
  }
..\..\..\BSP\obstacle.c: 2 warnings, 0 errors
compiling remote.c...
..\..\..\BSP\remote.h(16): warning:  #1-D: last line of file ends without a newline
  #endif /* __REMOTE_H */
..\..\..\BSP\remote.c(39): warning:  #1-D: last line of file ends without a newline
  }
..\..\..\BSP\remote.c: 2 warnings, 0 errors
compiling track.c...
..\..\..\BSP\track.h(19): warning:  #1-D: last line of file ends without a newline
  #endif /* __TRACK_H */
..\..\..\BSP\track.c(43): warning:  #1-D: last line of file ends without a newline
  }
..\..\..\BSP\track.c: 2 warnings, 0 errors
compiling delay_timer.c...
..\..\..\BSP\delay_timer.h(30): warning:  #1-D: last line of file ends without a newline
  #endif /* __DELAY_TIMER_H */
..\..\..\BSP\delay_timer.c(19): warning:  #1-D: last line of file ends without a newline
  }
..\..\..\BSP\delay_timer.c: 2 warnings, 0 errors
linking...
Program Size: Code=12330 RO-data=310 RW-data=64 ZI-data=1920  
FromELF: creating hex file...
"final_project\final_project.axf" - 0 Error(s), 15 Warning(s).

<h2>Software Packages used:</h2>

Package Vendor: ARM
                http://www.keil.com/pack/ARM.CMSIS.5.0.1.pack
                ARM.CMSIS.5.0.1
                CMSIS (Cortex Microcontroller Software Interface Standard)
   * Component: CORE Version: 5.0.1

Package Vendor: Keil
                http://www.keil.com/pack/Keil.STM32F1xx_DFP.2.2.0.pack
                Keil.STM32F1xx_DFP.2.2.0
                STMicroelectronics STM32F1 Series Device Support, Drivers and Examples

<h2>Collection of Component include folders:</h2>
  .\RTE\_final_project
  D:\keil5\ARM\PACK\ARM\CMSIS\5.0.1\CMSIS\Include
  D:\keil5\ARM\PACK\Keil\STM32F1xx_DFP\2.2.0\Device\Include

<h2>Collection of Component Files used:</h2>

   * Component: ARM::CMSIS:CORE:5.0.1
Build Time Elapsed:  00:00:10
</pre>
</body>
</html>
